Archive member included because of file (symbol)

/opt/esp-open-sdk/sdk/lib/libmain.a(debug-vector.o)
                              (_DebugExceptionVector)
/opt/esp-open-sdk/sdk/lib/libmain.a(double-vector.o)
                              (_DoubleExceptionVector)
/opt/esp-open-sdk/sdk/lib/libmain.a(kernel-vector.o)
                              (_KernelExceptionVector)
/opt/esp-open-sdk/sdk/lib/libmain.a(nmi-vector.o)
                              (_NMIExceptionVector)
/opt/esp-open-sdk/sdk/lib/libmain.a(user-vector.o)
                              (_UserExceptionVector)
/opt/esp-open-sdk/sdk/lib/libmain.a(vector.o)
                              (call_user_start)
/opt/esp-open-sdk/sdk/lib/libmain.a(app_main.o)
                              /opt/esp-open-sdk/sdk/lib/libmain.a(nmi-vector.o) (NMI_Handler)
/opt/esp-open-sdk/sdk/lib/libmain.a(ets_timer.o)
                              /opt/esp-open-sdk/sdk/lib/libmain.a(app_main.o) (ets_timer_setfn)
/opt/esp-open-sdk/sdk/lib/libmain.a(mem_manager.o)
                              /opt/esp-open-sdk/sdk/lib/libmain.a(app_main.o) (pvPortMalloc)
/opt/esp-open-sdk/sdk/lib/libmain.a(spi_flash.o)
                              /opt/esp-open-sdk/sdk/lib/libmain.a(app_main.o) (spi_flash_read)
/opt/esp-open-sdk/sdk/lib/libmain.a(user_interface.o)
                              /opt/esp-open-sdk/sdk/lib/libmain.a(app_main.o) (done_cb)
/opt/esp-open-sdk/sdk/lib/libmain.a(empty_user_rf_pre_init.o)
                              /opt/esp-open-sdk/sdk/lib/libmain.a(app_main.o) (user_rf_pre_init)
/opt/esp-open-sdk/sdk/lib/libmain.a(eagle_lib.o)
                              /opt/esp-open-sdk/sdk/lib/libmain.a(user_interface.o) (ets_sprintf)
/opt/esp-open-sdk/sdk/lib/libmain.a(eagle_lwip_if.o)
                              /opt/esp-open-sdk/sdk/lib/libmain.a(user_interface.o) (hostname)
/opt/Sming/Sming/compiler/lib//libsming.a(user_main.o)
                              /opt/esp-open-sdk/sdk/lib/libmain.a(app_main.o) (user_init)
/opt/Sming/Sming/compiler/lib//libsming.a(System.o)
                              /opt/Sming/Sming/compiler/lib//libsming.a(user_main.o) (_ZN11SystemClass10initializeEv)
/opt/Sming/Sming/compiler/lib//libsming.a(esp_cplusplus.o)
                              /opt/Sming/Sming/compiler/lib//libsming.a(user_main.o) (cpp_core_initialize)
/opt/Sming/Sming/compiler/lib//libsming.a(m_printf.o)
                              /opt/Sming/Sming/compiler/lib//libsming.a(esp_cplusplus.o) (m_printf)
/opt/Sming/Sming/compiler/lib//libsming.a(stringconversion.o)
                              /opt/Sming/Sming/compiler/lib//libsming.a(m_printf.o) (ltoa_w)
/opt/Sming/Sming/compiler/lib//libsming.a(IPAddress.o)
                              /opt/Sming/Sming/compiler/lib//libsming.a(user_main.o) (_ZN9IPAddressC1Ehhhh)
/opt/Sming/Sming/compiler/lib//libsming.a(Print.o)
                              /opt/Sming/Sming/compiler/lib//libsming.a(IPAddress.o) (_ZN5Print5printEc)
/opt/Sming/Sming/compiler/lib//libsming.a(WString.o)
                              /opt/Sming/Sming/compiler/lib//libsming.a(IPAddress.o) (_ZN6StringD1Ev)
/opt/Sming/Sming/compiler/lib//libsming.a(Interrupts.o)
                              /opt/Sming/Sming/compiler/lib//libsming.a(System.o) (_Z12noInterruptsv)
/opt/Sming/Sming/compiler/lib//libsming.a(Digital.o)
                              /opt/Sming/Sming/compiler/lib//libsming.a(Interrupts.o) (_Z7pinModeth)
out/build/app_app.a(application.o)
                              /opt/Sming/Sming/compiler/lib//libsming.a(user_main.o) (_Z4initv)
out/build/app_app.a(configuration.o)
                              out/build/app_app.a(application.o) (_Z10loadConfigv)
out/build/app_app.a(webserver.o)
                              out/build/app_app.a(application.o) (_Z14startWebServerv)
/opt/Sming/Sming/compiler/lib//libmicroc.a(isspace.o)
                              /opt/Sming/Sming/compiler/lib//libsming.a(WString.o) (isspace)
/opt/Sming/Sming/compiler/lib//libmicroc.a(tolower.o)
                              /opt/Sming/Sming/compiler/lib//libsming.a(WString.o) (tolower)
/opt/Sming/Sming/compiler/lib//libmicroc.a(toupper.o)
                              /opt/Sming/Sming/compiler/lib//libsming.a(WString.o) (toupper)
/opt/Sming/Sming/compiler/lib//libmicroc.a(atof.o)
                              /opt/Sming/Sming/compiler/lib//libsming.a(WString.o) (atof)
/opt/Sming/Sming/compiler/lib//libmicroc.a(atoi.o)
                              /opt/Sming/Sming/compiler/lib//libsming.a(WString.o) (atoi)
/opt/Sming/Sming/compiler/lib//libmicroc.a(strtod.o)
                              /opt/Sming/Sming/compiler/lib//libmicroc.a(atof.o) (strtod)
/opt/Sming/Sming/compiler/lib//libmicroc.a(__fpclassify.o)
                              /opt/Sming/Sming/compiler/lib//libsming.a(stringconversion.o) (__fpclassifyd)
/opt/Sming/Sming/compiler/lib//libmicroc.a(strchr.o)
                              /opt/Sming/Sming/compiler/lib//libsming.a(WString.o) (strchr)
[...]
Memory Configuration

Name             Origin             Length             Attributes
dport0_0_seg     0x000000003ff00000 0x0000000000000010
dram0_0_seg      0x000000003ffe8000 0x0000000000014000
iram1_0_seg      0x0000000040100000 0x0000000000008000
irom0_0_seg      0x0000000040209000 0x0000000000042000
*default*        0x0000000000000000 0xffffffffffffffff

Linker script and memory map

START GROUP
LOAD /opt/Sming/Sming/compiler/lib//libmicroc.a
LOAD /opt/Sming/Sming/compiler/lib//libmicrogcc.a
LOAD /opt/esp-open-sdk/xtensa-lx106-elf/bin/../xtensa-lx106-elf/sysroot/usr/lib/libhal.a
LOAD /opt/esp-open-sdk/sdk/lib/libphy.a
LOAD /opt/esp-open-sdk/sdk/lib/libpp.a
LOAD /opt/esp-open-sdk/sdk/lib/libnet80211.a
LOAD /opt/esp-open-sdk/sdk/lib/liblwip.a
LOAD /opt/esp-open-sdk/sdk/lib/libwpa.a
LOAD /opt/esp-open-sdk/sdk/lib/libmain.a
LOAD /opt/Sming/Sming/compiler/lib//libsming.a
LOAD out/build/app_app.a
END GROUP
                0x0000000040000000                PROVIDE (_memmap_vecbase_reset, 0x40000000)
                0x0000000000000110                _memmap_cacheattr_wb_base = 0x110
                0x0000000000000110                _memmap_cacheattr_wt_base = 0x110
                0x0000000000000220                _memmap_cacheattr_bp_base = 0x220
                0x00000000fffff00f                _memmap_cacheattr_unused_mask = 0xfffff00f
                0x000000002222211f                _memmap_cacheattr_wb_trapnull = 0x2222211f
                0x000000002222211f                _memmap_cacheattr_wba_trapnull = 0x2222211f
                0x000000002222211f                _memmap_cacheattr_wbna_trapnull = 0x2222211f
                0x000000002222211f                _memmap_cacheattr_wt_trapnull = 0x2222211f
                0x000000002222222f                _memmap_cacheattr_bp_trapnull = 0x2222222f
                0x00000000fffff11f                _memmap_cacheattr_wb_strict = 0xfffff11f
                0x00000000fffff11f                _memmap_cacheattr_wt_strict = 0xfffff11f
                0x00000000fffff22f                _memmap_cacheattr_bp_strict = 0xfffff22f
                0x0000000022222112                _memmap_cacheattr_wb_allvalid = 0x22222112
                0x0000000022222112                _memmap_cacheattr_wt_allvalid = 0x22222112
                0x0000000022222222                _memmap_cacheattr_bp_allvalid = 0x22222222
                0x000000002222211f                PROVIDE (_memmap_cacheattr_reset, _memmap_cacheattr_wb_trapnull)

.dport0.rodata  0x000000003ff00000        0x0
                0x000000003ff00000                _dport0_rodata_start = ABSOLUTE (.)
 *(.dport0.rodata)
 *(.dport.rodata)
                0x000000003ff00000                _dport0_rodata_end = ABSOLUTE (.)

.dport0.literal
                0x000000003ff00000        0x0
                0x000000003ff00000                _dport0_literal_start = ABSOLUTE (.)
 *(.dport0.literal)
 *(.dport.literal)
                0x000000003ff00000                _dport0_literal_end = ABSOLUTE (.)

.dport0.data    0x000000003ff00000        0x0
                0x000000003ff00000                _dport0_data_start = ABSOLUTE (.)
 *(.dport0.data)
 *(.dport.data)
                0x000000003ff00000                _dport0_data_end = ABSOLUTE (.)

.data           0x000000003ffe8000      0x540
                0x000000003ffe8000                _data_start = ABSOLUTE (.)
 *(.data)
 .data          0x000000003ffe8000        0x4 /opt/esp-open-sdk/sdk/lib/libmain.a(nmi-vector.o)
                0x000000003ffe8000                _Pri_3_HandlerAddress
 .data          0x000000003ffe8004        0x1 /opt/esp-open-sdk/sdk/lib/libmain.a(app_main.o)
 *fill*         0x000000003ffe8005        0x3 
 .data          0x000000003ffe8008        0x5 /opt/esp-open-sdk/sdk/lib/libmain.a(user_interface.o)
                0x000000003ffe8009                timer2_ms_flag
                0x000000003ffe800a                dhcps_flag
                0x000000003ffe800b                dhcpc_flag
                0x000000003ffe800c                reconnect_internal
 *fill*         0x000000003ffe800d        0x3 
 .data          0x000000003ffe8010        0x1 /opt/esp-open-sdk/sdk/lib/libmain.a(eagle_lwip_if.o)
                0x000000003ffe8010                default_hostname
 *fill*         0x000000003ffe8011        0xf 
 .data          0x000000003ffe8020       0x53 /opt/esp-open-sdk/sdk/lib/libphy.a(phy_chip_v6.o)
                0x000000003ffe8022                tx_rf_ana_gain
                0x000000003ffe8044                tx_pwctrl_atten_init_en
                0x000000003ffe8050                rx_gain_swp
                0x000000003ffe8070                test_rffreq_txcap
 *fill*         0x000000003ffe8073        0x1 
 .data          0x000000003ffe8074        0x4 /opt/esp-open-sdk/sdk/lib/libphy.a(phy_sleep.o)
                0x000000003ffe8074                chip_version
 .data          0x000000003ffe8078        0x1 /opt/esp-open-sdk/sdk/lib/libpp.a(pm.o)
 *fill*         0x000000003ffe8079        0x3 
 .data          0x000000003ffe807c        0x1 /opt/esp-open-sdk/sdk/lib/libpp.a(pm_for_bcn_only_mode.o)
 *fill*         0x000000003ffe807d        0x3 
 .data          0x000000003ffe8080       0x1c /opt/esp-open-sdk/sdk/lib/libpp.a(pp.o)
                0x000000003ffe8080                soft_wdt_interval
                0x000000003ffe8084                NoiseTimerInterval
                0x000000003ffe808c                sleep_start_wait_time
                0x000000003ffe8098                tcb
 *fill*         0x000000003ffe809c        0x4 
 .data          0x000000003ffe80a0       0x40 /opt/esp-open-sdk/sdk/lib/libpp.a(rate_control.o)
 .data          0x000000003ffe80e0      0x22c /opt/esp-open-sdk/sdk/lib/libpp.a(trc.o)
 .data          0x000000003ffe830c        0x8 /opt/esp-open-sdk/sdk/lib/libpp.a(wdev.o)
 .data          0x000000003ffe8314        0x1 /opt/esp-open-sdk/sdk/lib/libnet80211.a(ieee80211_hostap.o)
                0x000000003ffe8314                TmpSTAAPCloseAP
 *fill*         0x000000003ffe8315        0x3 
 .data          0x000000003ffe8318      0x1a8 /opt/esp-open-sdk/sdk/lib/libnet80211.a(ieee80211_phy.o)
 .data          0x000000003ffe84c0        0x6 /opt/esp-open-sdk/sdk/lib/libnet80211.a(ieee80211_proto.o)
                0x000000003ffe84c0                ieee80211_addr_bcast
 *fill*         0x000000003ffe84c6        0x2 
 .data          0x000000003ffe84c8       0x1c /opt/esp-open-sdk/sdk/lib/libnet80211.a(ieee80211_action.o)
 .data          0x000000003ffe84e4       0x18 /opt/esp-open-sdk/sdk/lib/libnet80211.a(ieee80211_crypto_ccmp.o)
                0x000000003ffe84e4                ccmp
 .data          0x000000003ffe84fc        0x4 /opt/esp-open-sdk/sdk/lib/liblwip.a(dhcp.o)
 .data          0x000000003ffe8500        0x2 /opt/esp-open-sdk/sdk/lib/liblwip.a(dhcpserver.o)
 *fill*         0x000000003ffe8502        0x2 
 .data          0x000000003ffe8504        0x8 /opt/esp-open-sdk/sdk/lib/liblwip.a(tcp.o)
 .data          0x000000003ffe850c       0x18 /opt/esp-open-sdk/sdk/lib/libnet80211.a(ieee80211_crypto_tkip.o)
                0x000000003ffe850c                tkip
 .data          0x000000003ffe8524       0x18 /opt/esp-open-sdk/sdk/lib/libnet80211.a(ieee80211_crypto_wep.o)
                0x000000003ffe8524                wep
 *(.data.*)
 .data.cbc_printchar
                0x000000003ffe853c        0x4 /opt/Sming/Sming/compiler/lib//libsming.a(m_printf.o)
                0x000000003ffe853c                cbc_printchar
 *(.gnu.linkonce.d.*)
 *(.data1)
 *(.sdata)
 *(.sdata.*)
 *(.gnu.linkonce.s.*)
 *(.sdata2)
 *(.sdata2.*)
 *(.gnu.linkonce.s2.*)
 *(.jcr)
                0x000000003ffe8540                _data_end = ABSOLUTE (.)

.rodata         0x000000003ffe8540     0x26e8
                0x000000003ffe8540                _rodata_start = ABSOLUTE (.)
 *(.sdk.version)
 .sdk.version   0x000000003ffe8540        0x6 /opt/esp-open-sdk/sdk/lib/libmain.a(app_main.o)
                0x000000003ffe8540                SDK_VERSION
 *(.rodata)
 *fill*         0x000000003ffe8546        0x2 
 .rodata        0x000000003ffe8548       0x20 /opt/Sming/Sming/compiler/lib//libmicroc.a(floatscan.o)
 .rodata        0x000000003ffe8568        0x8 /opt/esp-open-sdk/sdk/lib/libphy.a(phy_chip_v6.o)
 .rodata        0x000000003ffe8570        0x8 /opt/esp-open-sdk/sdk/lib/libpp.a(pp.o)
 .rodata        0x000000003ffe8578        0x4 /opt/esp-open-sdk/sdk/lib/libnet80211.a(ieee80211_output.o)
 *fill*         0x000000003ffe857c        0x4 
 .rodata        0x000000003ffe8580       0x70 /opt/esp-open-sdk/sdk/lib/libnet80211.a(ieee80211_proto.o)
 .rodata        0x000000003ffe85f0        0x8 /opt/esp-open-sdk/sdk/lib/libnet80211.a(wl_cnx.o)
 .rodata        0x000000003ffe85f8        0x8 /opt/esp-open-sdk/sdk/lib/liblwip.a(dhcpserver.o)
 .rodata        0x000000003ffe8600        0x6 /opt/esp-open-sdk/sdk/lib/liblwip.a(etharp.o)
                0x000000003ffe8600                ethbroadcast
 *fill*         0x000000003ffe8606        0x2 
 .rodata        0x000000003ffe8608        0x4 /opt/esp-open-sdk/sdk/lib/liblwip.a(ip_addr.o)
                0x000000003ffe8608                ip_addr_broadcast
 *fill*         0x000000003ffe860c        0x4 
 .rodata        0x000000003ffe8610       0x14 /opt/esp-open-sdk/sdk/lib/liblwip.a(memp.o)
                0x000000003ffe8610                memp_sizes
 *fill*         0x000000003ffe8624        0xc 
 .rodata        0x000000003ffe8630       0x2d /opt/esp-open-sdk/sdk/lib/liblwip.a(tcp.o)
                0x000000003ffe8630                tcp_pcb_lists
                0x000000003ffe8640                tcp_persist_backoff
                0x000000003ffe8650                tcp_backoff
 *fill*         0x000000003ffe865d        0x3 
 .rodata        0x000000003ffe8660        0xc /opt/esp-open-sdk/sdk/lib/libwpa.a(wpa_common.o)
 .rodata        0x000000003ffe866c       0x14 /opt/Sming/Sming/compiler/lib//libsming.a(WebSocket.o)
 .rodata        0x000000003ffe8680      0x10a /opt/Sming/Sming/compiler/lib//libmicroc.a(intscan.o)
 *fill*         0x000000003ffe878a        0x2 
 .rodata        0x000000003ffe878c      0x100 /opt/Sming/Sming/compiler/lib//libmicrogcc.a(_popcount_tab.o)
                0x000000003ffe878c                __popcount_tab
 *(.rodata.*)
 .rodata.str1.4
                0x000000003ffe888c       0x6b /opt/esp-open-sdk/sdk/lib/libmain.a(app_main.o)
 *fill*         0x000000003ffe88f7        0x1 
 .rodata.str1.4
                0x000000003ffe88f8       0x14 /opt/esp-open-sdk/sdk/lib/libmain.a(ets_timer.o)
 .rodata.str1.4
                0x000000003ffe890c       0x28 /opt/esp-open-sdk/sdk/lib/libmain.a(mem_manager.o)
 .rodata.str1.4
                0x000000003ffe8934       0x1b /opt/esp-open-sdk/sdk/lib/libmain.a(user_interface.o)
 *fill*         0x000000003ffe894f        0x1 
 .rodata._ZL14EspDigitalPins
                0x000000003ffe8950       0xc0 /opt/Sming/Sming/compiler/lib//libsming.a(user_main.o)
 .rodata._ZTV6VectorI8DelegateIFvvEEE
                0x000000003ffe8a10       0x1c /opt/Sming/Sming/compiler/lib//libsming.a(System.o)
                0x000000003ffe8a10                _ZTV6VectorI8DelegateIFvvEEE
 *fill*         0x000000003ffe8a2c        0x4 
 .rodata._ZTV6VectorIP19ISystemReadyHandlerE
                0x000000003ffe8a30       0x1c /opt/Sming/Sming/compiler/lib//libsming.a(System.o)
                0x000000003ffe8a30                _ZTV6VectorIP19ISystemReadyHandlerE
 .rodata.str1.4
                0x000000003ffe8a4c       0x42 /opt/Sming/Sming/compiler/lib//libsming.a(esp_cplusplus.o)
 *fill*         0x000000003ffe8a8e        0x2 
 .rodata.str1.4
                0x000000003ffe8a90       0x24 /opt/Sming/Sming/compiler/lib//libsming.a(stringconversion.o)
 .rodata.str1.4
                0x000000003ffe8ab4        0xf /opt/Sming/Sming/compiler/lib//libsming.a(IPAddress.o)
                                         0x11 (size before relaxing)
 *fill*         0x000000003ffe8ac3        0x5 
 .rodata._ZTV9IPAddress
                0x000000003ffe8ac8        0xc /opt/Sming/Sming/compiler/lib//libsming.a(IPAddress.o)
                0x000000003ffe8ac8                _ZTV9IPAddress
 .rodata.str1.4
                0x000000003ffe8ad4        0xa /opt/Sming/Sming/compiler/lib//libsming.a(Print.o)
                                          0xe (size before relaxing)
 .rodata.str1.4
                0x0000000000000000        0x1 /opt/Sming/Sming/compiler/lib//libsming.a(WString.o)
 *fill*         0x000000003ffe8ade        0x2 
 .rodata.CSWTCH$14
                0x000000003ffe8ae0       0x21 /opt/Sming/Sming/compiler/lib//libsming.a(Interrupts.o)
 *fill*         0x000000003ffe8b01        0x3 
 .rodata.str1.4
                0x000000003ffe8b04       0x23 /opt/Sming/Sming/compiler/lib//libsming.a(Digital.o)
 *fill*         0x000000003ffe8b27        0x1 
 .rodata._ZL14EspDigitalPins
                0x000000003ffe8b28       0xc0 /opt/Sming/Sming/compiler/lib//libsming.a(Digital.o)
 .rodata.str1.1
                0x000000003ffe8be8       0xce out/build/app_app.a(application.o)
                                         0xed (size before relaxing)
 *fill*         0x000000003ffe8cb6        0x2 
 .rodata._ZTV15IDelegateCallerIvIEE
                0x000000003ffe8cb8       0x14 out/build/app_app.a(application.o)
                0x000000003ffe8cb8                _ZTV15IDelegateCallerIvIEE
 *fill*         0x000000003ffe8ccc        0x4 
 .rodata._ZTV14FunctionCallerIPFvvEvIEE
                0x000000003ffe8cd0       0x14 out/build/app_app.a(application.o)
                0x000000003ffe8cd0                _ZTV14FunctionCallerIPFvvEvIEE
 *fill*         0x000000003ffe8ce4        0x4 
 .rodata._ZTV15IDelegateCallerIvIR9NtpClientlEE
                0x000000003ffe8ce8       0x14 out/build/app_app.a(application.o)
                0x000000003ffe8ce8                _ZTV15IDelegateCallerIvIR9NtpClientlEE
 *fill*         0x000000003ffe8cfc        0x4 
 .rodata._ZTV12MethodCallerIM13ntpClientDemoFvR9NtpClientlEE
                0x000000003ffe8d00       0x14 out/build/app_app.a(application.o)
                0x000000003ffe8d00                _ZTV12MethodCallerIM13ntpClientDemoFvR9NtpClientlEE
 *fill*         0x000000003ffe8d14        0x4 
 .rodata._ZTV15IDelegateCallerIvIR10HttpClientbEE
                0x000000003ffe8d18       0x14 out/build/app_app.a(application.o)
                0x000000003ffe8d18                _ZTV15IDelegateCallerIvIR10HttpClientbEE
 *fill*         0x000000003ffe8d2c        0x4 
 .rodata._ZTV14FunctionCallerIPFvR10HttpClientbEvIS1_bEE
                0x000000003ffe8d30       0x14 out/build/app_app.a(application.o)
                0x000000003ffe8d30                _ZTV14FunctionCallerIPFvR10HttpClientbEvIS1_bEE
 .rodata.str1.1
                0x000000003ffe8d44       0x5b out/build/app_app.a(configuration.o)
                                         0x67 (size before relaxing)
 *fill*         0x000000003ffe8d9f        0x1 
 .rodata._ZTVN11ArduinoJson17DynamicJsonBufferE
                0x000000003ffe8da0        0xc out/build/app_app.a(configuration.o)
                0x000000003ffe8da0                _ZTVN11ArduinoJson17DynamicJsonBufferE
 .rodata.str1.1
                0x000000003ffe8dac      0x1de out/build/app_app.a(webserver.o)
                                        0x21e (size before relaxing)
 *fill*         0x000000003ffe8f8a        0x6 
 .rodata._ZTV15IDelegateCallerIvIR11HttpRequestR12HttpResponseEE
                0x000000003ffe8f90       0x14 out/build/app_app.a(webserver.o)
                0x000000003ffe8f90                _ZTV15IDelegateCallerIvIR11HttpRequestR12HttpResponseEE
 *fill*         0x000000003ffe8fa4        0x4 
 .rodata._ZTV14FunctionCallerIPFvR11HttpRequestR12HttpResponseEvIS1_S3_EE
                0x000000003ffe8fa8       0x14 out/build/app_app.a(webserver.o)
                0x000000003ffe8fa8                _ZTV14FunctionCallerIPFvR11HttpRequestR12HttpResponseEvIS1_S3_EE
 .rodata.str1.1
                0x000000003ffe8fbc        0xc /opt/Sming/Sming/compiler/lib//libmicroc.a(abort.o)
 .rodata.str1.1
                0x000000003ffe8fc8        0xd /opt/Sming/Sming/compiler/lib//libmicroc.a(floatscan.o)
 *fill*         0x000000003ffe8fd5        0x3 
 .rodata.str1.4
                0x000000003ffe8fd8        0x7 /opt/esp-open-sdk/sdk/lib/libpp.a(lmac.o)
                                          0xf (size before relaxing)
 *fill*         0x000000003ffe8fdf        0x1 
 .rodata.str1.4
                0x000000003ffe8fe0       0x17 /opt/esp-open-sdk/sdk/lib/libpp.a(pm.o)
                                         0x1f (size before relaxing)
 *fill*         0x000000003ffe8ff7        0x1 
 .rodata.str1.4
                0x000000003ffe8ff8       0x17 /opt/esp-open-sdk/sdk/lib/libpp.a(pm_for_bcn_only_mode.o)
                                         0x27 (size before relaxing)
 *fill*         0x000000003ffe900f        0x1 
 .rodata.str1.4
                0x000000003ffe9010        0x5 /opt/esp-open-sdk/sdk/lib/libpp.a(pp.o)
                                          0xd (size before relaxing)
 *fill*         0x000000003ffe9015        0x3 
 .rodata.str1.4
                0x000000003ffe9018        0x7 /opt/esp-open-sdk/sdk/lib/libpp.a(wdev.o)
                                          0xf (size before relaxing)
 .rodata.str1.4
                0x0000000000000000        0x7 /opt/esp-open-sdk/sdk/lib/libnet80211.a(ieee80211.o)
 .rodata.str1.4
                0x0000000000000000        0x7 /opt/esp-open-sdk/sdk/lib/libnet80211.a(ieee80211_output.o)
 *fill*         0x000000003ffe901f        0x1 
 .rodata.str1.4
                0x000000003ffe9020        0x4 /opt/esp-open-sdk/sdk/lib/libnet80211.a(ieee80211_scan.o)
 .rodata.str1.4
                0x000000003ffe9024        0x4 /opt/esp-open-sdk/sdk/lib/libnet80211.a(ieee80211_action_vendor.o)
 .rodata.str1.4
                0x0000000000000000        0x4 /opt/esp-open-sdk/sdk/lib/libnet80211.a(ieee80211_ie_vendor.o)
 .rodata.str1.4
                0x000000003ffe9028        0xf /opt/esp-open-sdk/sdk/lib/liblwip.a(dns.o)
 .rodata.str1.4
                0x0000000000000000        0x1 /opt/esp-open-sdk/sdk/lib/liblwip.a(espconn_tcp.o)
 *fill*         0x000000003ffe9037        0x1 
 .rodata.str1.4
                0x000000003ffe9038       0x84 /opt/esp-open-sdk/sdk/lib/liblwip.a(mdns.o)
                                         0x88 (size before relaxing)
 .rodata.str1.4
                0x000000003ffe90bc       0x3c /opt/esp-open-sdk/sdk/lib/libwpa.a(wpa_auth.o)
                                         0x43 (size before relaxing)
 .rodata.str1.4
                0x0000000000000000       0x17 /opt/esp-open-sdk/sdk/lib/libwpa.a(wpa.o)
 .rodata.str1.4
                0x000000003ffe90f8        0x9 /opt/esp-open-sdk/sdk/lib/libwpa.a(wpa_common.o)
 *fill*         0x000000003ffe9101        0x3 
 .rodata.str1.4
                0x000000003ffe9104        0x5 /opt/esp-open-sdk/sdk/lib/libwpa.a(wpa_debug.o)
                                          0xd (size before relaxing)
 *fill*         0x000000003ffe9109        0x3 
 .rodata.str1.4
                0x000000003ffe910c      0x17e /opt/Sming/Sming/compiler/lib//libsming.a(spiffs_sming.o)
 *fill*         0x000000003ffe928a        0x2 
 .rodata.str1.4
                0x000000003ffe928c      0x167 /opt/Sming/Sming/compiler/lib//libsming.a(DataSourceStream.o)
                                        0x16b (size before relaxing)
 *fill*         0x000000003ffe93f3        0x5 
 .rodata._ZTV17IDataSourceStream
                0x000000003ffe93f8       0x20 /opt/Sming/Sming/compiler/lib//libsming.a(DataSourceStream.o)
                0x000000003ffe93f8                _ZTV17IDataSourceStream
 .rodata._ZTV16MemoryDataStream
                0x000000003ffe9418       0x48 /opt/Sming/Sming/compiler/lib//libsming.a(DataSourceStream.o)
                0x000000003ffe9418                _ZTV16MemoryDataStream
 .rodata._ZTV10FileStream
                0x000000003ffe9460       0x20 /opt/Sming/Sming/compiler/lib//libsming.a(DataSourceStream.o)
                0x000000003ffe9460                _ZTV10FileStream
 .rodata._ZTV18TemplateFileStream
                0x000000003ffe9480       0x20 /opt/Sming/Sming/compiler/lib//libsming.a(DataSourceStream.o)
                0x000000003ffe9480                _ZTV18TemplateFileStream
 .rodata._ZTV16JsonObjectStream
                0x000000003ffe94a0       0x48 /opt/Sming/Sming/compiler/lib//libsming.a(DataSourceStream.o)
                0x000000003ffe94a0                _ZTV16JsonObjectStream
 .rodata.str1.4
                0x000000003ffe94e8       0x3e /opt/Sming/Sming/compiler/lib//libsming.a(FileSystem.o)
                                         0x41 (size before relaxing)
 *fill*         0x000000003ffe9526        0x2 
 .rodata._ZTV6VectorI6StringE
                0x000000003ffe9528       0x1c /opt/Sming/Sming/compiler/lib//libsming.a(FileSystem.o)
                0x000000003ffe9528                _ZTV6VectorI6StringE
 .rodata.str1.4
                0x0000000000000000       0x3e /opt/Sming/Sming/compiler/lib//libsming.a(HardwareSerial.o)
                                          0x3 (size before relaxing)
 *fill*         0x000000003ffe9544        0x4 
 .rodata._ZTV14HardwareSerial
                0x000000003ffe9548       0x20 /opt/Sming/Sming/compiler/lib//libsming.a(HardwareSerial.o)
                0x000000003ffe9548                _ZTV14HardwareSerial
 .rodata.str1.4
                0x000000003ffe9568       0x13 /opt/Sming/Sming/compiler/lib//libsming.a(SystemClock.o)
 *fill*         0x000000003ffe957b        0x1 
 .rodata.str1.4
                0x000000003ffe957c      0x10d /opt/Sming/Sming/compiler/lib//libsming.a(HttpClient.o)
                                        0x121 (size before relaxing)
 *fill*         0x000000003ffe9689        0x7 
 .rodata._ZTV10HttpClient
                0x000000003ffe9690       0x40 /opt/Sming/Sming/compiler/lib//libsming.a(HttpClient.o)
                0x000000003ffe9690                _ZTV10HttpClient
 .rodata.str1.4
                0x000000003ffe96d0       0xb0 /opt/Sming/Sming/compiler/lib//libsming.a(HttpRequest.o)
                                         0xf8 (size before relaxing)
 .rodata._ZTV11HttpRequest
                0x000000003ffe9780       0x10 /opt/Sming/Sming/compiler/lib//libsming.a(HttpRequest.o)
                0x000000003ffe9780                _ZTV11HttpRequest
 .rodata.str1.4
                0x000000003ffe9790      0x1f1 /opt/Sming/Sming/compiler/lib//libsming.a(HttpResponse.o)
                                        0x219 (size before relaxing)
 *fill*         0x000000003ffe9981        0x7 
 .rodata._ZTV12HttpResponse
                0x000000003ffe9988       0x10 /opt/Sming/Sming/compiler/lib//libsming.a(HttpResponse.o)
                0x000000003ffe9988                _ZTV12HttpResponse
 .rodata.str1.4
                0x000000003ffe9998       0xfa /opt/Sming/Sming/compiler/lib//libsming.a(HttpServer.o)
                                        0x132 (size before relaxing)
 *fill*         0x000000003ffe9a92        0x6 
 .rodata._ZTV6VectorI9WebSocketE
                0x000000003ffe9a98       0x1c /opt/Sming/Sming/compiler/lib//libsming.a(HttpServer.o)
                0x000000003ffe9a98                _ZTV6VectorI9WebSocketE
 *fill*         0x000000003ffe9ab4        0x4 
 .rodata._ZTV10HttpServer
                0x000000003ffe9ab8       0x5c /opt/Sming/Sming/compiler/lib//libsming.a(HttpServer.o)
                0x000000003ffe9ab8                _ZTV10HttpServer
 *fill*         0x000000003ffe9b14        0x4 
 .rodata._ZTV15IDelegateCallerIvIR20HttpServerConnectionEE
                0x000000003ffe9b18       0x14 /opt/Sming/Sming/compiler/lib//libsming.a(HttpServer.o)
                0x000000003ffe9b18                _ZTV15IDelegateCallerIvIR20HttpServerConnectionEE
 *fill*         0x000000003ffe9b2c        0x4 
 .rodata._ZTV12MethodCallerIM10HttpServerFvR20HttpServerConnectionEE
                0x000000003ffe9b30       0x14 /opt/Sming/Sming/compiler/lib//libsming.a(HttpServer.o)
                0x000000003ffe9b30                _ZTV12MethodCallerIM10HttpServerFvR20HttpServerConnectionEE
 .rodata.str1.4
                0x000000003ffe9b44       0x2d /opt/Sming/Sming/compiler/lib//libsming.a(NtpClient.o)
 *fill*         0x000000003ffe9b71        0x7 
 .rodata._ZTV9NtpClient
                0x000000003ffe9b78       0x28 /opt/Sming/Sming/compiler/lib//libsming.a(NtpClient.o)
                0x000000003ffe9b78                _ZTV9NtpClient
 .rodata._ZTV12MethodCallerIM9NtpClientFvvEE
                0x000000003ffe9ba0       0x14 /opt/Sming/Sming/compiler/lib//libsming.a(NtpClient.o)
                0x000000003ffe9ba0                _ZTV12MethodCallerIM9NtpClientFvvEE
 .rodata.str1.4
                0x000000003ffe9bb4       0x1e /opt/Sming/Sming/compiler/lib//libsming.a(TcpClient.o)
 *fill*         0x000000003ffe9bd2        0x6 
 .rodata._ZTV9TcpClient
                0x000000003ffe9bd8       0x3c /opt/Sming/Sming/compiler/lib//libsming.a(TcpClient.o)
                0x000000003ffe9bd8                _ZTV9TcpClient
 .rodata.str1.4
                0x000000003ffe9c14      0x245 /opt/Sming/Sming/compiler/lib//libsming.a(TcpConnection.o)
 *fill*         0x000000003ffe9e59        0x7 
 .rodata._ZTV13TcpConnection
                0x000000003ffe9e60       0x38 /opt/Sming/Sming/compiler/lib//libsming.a(TcpConnection.o)
                0x000000003ffe9e60                _ZTV13TcpConnection
 .rodata.str1.4
                0x000000003ffe9e98      0x174 /opt/Sming/Sming/compiler/lib//libsming.a(TcpServer.o)
 *fill*         0x000000003ffea00c        0x4 
 .rodata._ZTV9TcpServer
                0x000000003ffea010       0x50 /opt/Sming/Sming/compiler/lib//libsming.a(TcpServer.o)
                0x000000003ffea010                _ZTV9TcpServer
 .rodata._ZTV15IDelegateCallerIvIR9TcpClientbEE
                0x000000003ffea060       0x14 /opt/Sming/Sming/compiler/lib//libsming.a(TcpServer.o)
                0x000000003ffea060                _ZTV15IDelegateCallerIvIR9TcpClientbEE
 *fill*         0x000000003ffea074        0x4 
 .rodata._ZTV15IDelegateCallerIbIR9TcpClientPciEE
                0x000000003ffea078       0x14 /opt/Sming/Sming/compiler/lib//libsming.a(TcpServer.o)
                0x000000003ffea078                _ZTV15IDelegateCallerIbIR9TcpClientPciEE
 *fill*         0x000000003ffea08c        0x4 
 .rodata._ZTV12MethodCallerIM9TcpServerFbR9TcpClientPciEE
                0x000000003ffea090       0x14 /opt/Sming/Sming/compiler/lib//libsming.a(TcpServer.o)
                0x000000003ffea090                _ZTV12MethodCallerIM9TcpServerFbR9TcpClientPciEE
 *fill*         0x000000003ffea0a4        0x4 
 .rodata._ZTV12MethodCallerIM9TcpServerFvR9TcpClientbEE
                0x000000003ffea0a8       0x14 /opt/Sming/Sming/compiler/lib//libsming.a(TcpServer.o)
                0x000000003ffea0a8                _ZTV12MethodCallerIM9TcpServerFvR9TcpClientbEE
 .rodata.str1.4
                0x000000003ffea0bc       0x5f /opt/Sming/Sming/compiler/lib//libsming.a(UdpConnection.o)
 *fill*         0x000000003ffea11b        0x5 
 .rodata._ZTV13UdpConnection
                0x000000003ffea120       0x28 /opt/Sming/Sming/compiler/lib//libsming.a(UdpConnection.o)
                0x000000003ffea120                _ZTV13UdpConnection
 .rodata.str1.4
                0x0000000000000000        0xd /opt/Sming/Sming/compiler/lib//libsming.a(URL.o)
 .rodata.str1.4
                0x000000003ffea148       0x21 /opt/Sming/Sming/compiler/lib//libsming.a(WebSocket.o)
                                         0x65 (size before relaxing)
 *fill*         0x000000003ffea169        0x7 
 .rodata._ZTV9WebSocket
                0x000000003ffea170        0xc /opt/Sming/Sming/compiler/lib//libsming.a(WebSocket.o)
                0x000000003ffea170                _ZTV9WebSocket
 .rodata.str1.4
                0x000000003ffea17c       0xfe /opt/Sming/Sming/compiler/lib//libsming.a(AccessPoint.o)
                                        0x102 (size before relaxing)
 *fill*         0x000000003ffea27a        0x6 
 .rodata._ZTV19ISystemReadyHandler
                0x000000003ffea280       0x14 /opt/Sming/Sming/compiler/lib//libsming.a(AccessPoint.o)
                0x000000003ffea280                _ZTV19ISystemReadyHandler
 *fill*         0x000000003ffea294        0x4 
 .rodata._ZTV16AccessPointClass
                0x000000003ffea298       0x14 /opt/Sming/Sming/compiler/lib//libsming.a(AccessPoint.o)
                0x000000003ffea298                _ZTV16AccessPointClass
 .rodata.str1.1
                0x000000003ffea2ac       0x13 /opt/Sming/Sming/compiler/lib//libsming.a(RTC.o)
 .rodata.str1.1
                0x000000003ffea2bf      0x205 /opt/Sming/Sming/compiler/lib//libsming.a(Station.o)
                                        0x20f (size before relaxing)
 *fill*         0x000000003ffea4c4        0x4 
 .rodata._ZTV12StationClass
                0x000000003ffea4c8       0x14 /opt/Sming/Sming/compiler/lib//libsming.a(Station.o)
                0x000000003ffea4c8                _ZTV12StationClass
 *fill*         0x000000003ffea4dc        0x4 
 .rodata._ZTV6VectorI7BssInfoE
                0x000000003ffea4e0       0x1c /opt/Sming/Sming/compiler/lib//libsming.a(Station.o)
                0x000000003ffea4e0                _ZTV6VectorI7BssInfoE
 *fill*         0x000000003ffea4fc        0x4 
 .rodata._ZTV8WDTClass
                0x000000003ffea500       0x14 /opt/Sming/Sming/compiler/lib//libsming.a(WDT.o)
                0x000000003ffea500                _ZTV8WDTClass
 .rodata.str1.1
                0x000000003ffea514       0x10 /opt/Sming/Sming/compiler/lib//libsming.a(ArduinoJson.o)
                                         0x11 (size before relaxing)
 .rodata._ZL12specialChars
                0x000000003ffea524        0xf /opt/Sming/Sming/compiler/lib//libsming.a(ArduinoJson.o)
 *fill*         0x000000003ffea533        0x5 
 .rodata._ZTVN11ArduinoJson9Internals13IndentedPrintE
                0x000000003ffea538       0x10 /opt/Sming/Sming/compiler/lib//libsming.a(ArduinoJson.o)
                0x000000003ffea538                _ZTVN11ArduinoJson9Internals13IndentedPrintE
 .rodata._ZTVN11ArduinoJson9Internals10PrettyfierE
                0x000000003ffea548       0x10 /opt/Sming/Sming/compiler/lib//libsming.a(ArduinoJson.o)
                0x000000003ffea548                _ZTVN11ArduinoJson9Internals10PrettyfierE
 .rodata._ZTVN11ArduinoJson9Internals13StringBuilderE
                0x000000003ffea558       0x10 /opt/Sming/Sming/compiler/lib//libsming.a(ArduinoJson.o)
                0x000000003ffea558                _ZTVN11ArduinoJson9Internals13StringBuilderE
 .rodata.str1.1
                0x000000003ffea568       0xd4 /opt/Sming/Sming/compiler/lib//libsming.a(CommandExecutor.o)
                                         0xd5 (size before relaxing)
 .rodata.str1.1
                0x000000003ffea63c      0x23f /opt/Sming/Sming/compiler/lib//libsming.a(CommandHandler.o)
                                        0x256 (size before relaxing)
 .rodata.str1.1
                0x000000003ffea87b       0x17 /opt/Sming/Sming/compiler/lib//libsming.a(websocket.o)
 .rodata._ZZ17wsParseInputFramePhjPS_PjE12__FUNCTION__
                0x000000003ffea892       0x12 /opt/Sming/Sming/compiler/lib//libsming.a(websocket.o)
 .rodata._ZZ11wsMakeFramePKhjPhPj11wsFrameTypeE12__FUNCTION__
                0x000000003ffea8a4        0xc /opt/Sming/Sming/compiler/lib//libsming.a(websocket.o)
 .rodata.str1.1
                0x000000003ffea8b0       0x4c /opt/Sming/Sming/compiler/lib//libsming.a(DateTime.o)
                                         0x58 (size before relaxing)
 .rodata._ZL9monthDays
                0x000000003ffea8fc        0xc /opt/Sming/Sming/compiler/lib//libsming.a(DateTime.o)
 .rodata._ZL13base64enc_tab
                0x000000003ffea908       0x41 /opt/Sming/Sming/compiler/lib//libsming.a(base64.o)
 .rodata.str1.1
                0x000000003ffea949       0x1e /opt/Sming/Sming/compiler/lib//libsming.a(escape.o)
                                         0x35 (size before relaxing)
 .rodata._ZZ12uri_unescapeE12__FUNCTION__
                0x000000003ffea967        0xd /opt/Sming/Sming/compiler/lib//libsming.a(escape.o)
 *fill*         0x000000003ffea974        0x4 
 .rodata._ZTV13LiquidCrystal
                0x000000003ffea978       0x20 /opt/Sming/Sming/compiler/lib//libsming.a(LiquidCrystal.o)
                0x000000003ffea978                _ZTV13LiquidCrystal
 .rodata.str1.4
                0x000000003ffea998       0x5c /opt/Sming/Sming/compiler/lib//libsming.a(flashmem.o)
 .rodata.CSWTCH$10
                0x000000003ffea9f4       0x14 /opt/Sming/Sming/compiler/lib//libsming.a(flashmem.o)
 .rodata.str1.4
                0x000000003ffeaa08       0xf8 /opt/Sming/Sming/compiler/lib//libsming.a(HttpServerConnection.o)
                                        0x134 (size before relaxing)
 .rodata._ZTV20HttpServerConnection
                0x000000003ffeab00       0x40 /opt/Sming/Sming/compiler/lib//libsming.a(HttpServerConnection.o)
                0x000000003ffeab00                _ZTV20HttpServerConnection
 .rodata.str1.1
                0x0000000000000000        0x1 /opt/Sming/Sming/compiler/lib//libsming.a(CommandDelegate.o)
 .rodata._ZTV3LCD
                0x000000003ffeab40       0x20 /opt/Sming/Sming/compiler/lib//libsming.a(LCD.o)
                0x000000003ffeab40                _ZTV3LCD
 *(.gnu.linkonce.r.*)
 *(.rodata1)
                0x000000003ffeab60                __XT_EXCEPTION_TABLE__ = ABSOLUTE (.)
 *(.xt_except_table)
 *(.gcc_except_table)
 *(.gnu.linkonce.e.*)
 *(.gnu.version_r)
 *(.eh_frame)
                0x000000003ffeab60                . = ((. + 0x3) & 0xfffffffffffffffc)
                0x000000003ffeab60                __dso_handle = ABSOLUTE (.)
                0x000000003ffeab60                __init_array_start = ABSOLUTE (.)
 *crtbegin.o(.ctors)
 *(EXCLUDE_FILE(*crtend.o) .ctors)
 .ctors         0x000000003ffeab60        0x4 /opt/Sming/Sming/compiler/lib//libsming.a(user_main.o)
 .ctors         0x000000003ffeab64        0x4 /opt/Sming/Sming/compiler/lib//libsming.a(System.o)
 .ctors         0x000000003ffeab68        0x4 /opt/Sming/Sming/compiler/lib//libsming.a(m_printf.o)
 .ctors         0x000000003ffeab6c        0x4 /opt/Sming/Sming/compiler/lib//libsming.a(IPAddress.o)
 .ctors         0x000000003ffeab70        0x4 /opt/Sming/Sming/compiler/lib//libsming.a(Print.o)
 .ctors         0x000000003ffeab74        0x4 /opt/Sming/Sming/compiler/lib//libsming.a(WString.o)
 .ctors         0x000000003ffeab78        0x4 /opt/Sming/Sming/compiler/lib//libsming.a(Interrupts.o)
 .ctors         0x000000003ffeab7c        0x4 /opt/Sming/Sming/compiler/lib//libsming.a(Digital.o)
 .ctors         0x000000003ffeab80        0x4 out/build/app_app.a(application.o)
 .ctors         0x000000003ffeab84        0x4 out/build/app_app.a(configuration.o)
 .ctors         0x000000003ffeab88        0x4 out/build/app_app.a(webserver.o)
 .ctors         0x000000003ffeab8c        0x4 /opt/Sming/Sming/compiler/lib//libsming.a(Clock.o)
 .ctors         0x000000003ffeab90        0x4 /opt/Sming/Sming/compiler/lib//libsming.a(DataSourceStream.o)
 .ctors         0x000000003ffeab94        0x4 /opt/Sming/Sming/compiler/lib//libsming.a(HardwareSerial.o)
 .ctors         0x000000003ffeab98        0x4 /opt/Sming/Sming/compiler/lib//libsming.a(SystemClock.o)
 .ctors         0x000000003ffeab9c        0x4 /opt/Sming/Sming/compiler/lib//libsming.a(HttpClient.o)
 .ctors         0x000000003ffeaba0        0x4 /opt/Sming/Sming/compiler/lib//libsming.a(HttpRequest.o)
 .ctors         0x000000003ffeaba4        0x4 /opt/Sming/Sming/compiler/lib//libsming.a(HttpResponse.o)
 .ctors         0x000000003ffeaba8        0x4 /opt/Sming/Sming/compiler/lib//libsming.a(HttpServer.o)
 .ctors         0x000000003ffeabac        0x4 /opt/Sming/Sming/compiler/lib//libsming.a(NtpClient.o)
 .ctors         0x000000003ffeabb0        0x4 /opt/Sming/Sming/compiler/lib//libsming.a(TcpClient.o)
 .ctors         0x000000003ffeabb4        0x4 /opt/Sming/Sming/compiler/lib//libsming.a(TcpConnection.o)
 .ctors         0x000000003ffeabb8        0x4 /opt/Sming/Sming/compiler/lib//libsming.a(TcpServer.o)
 .ctors         0x000000003ffeabbc        0x4 /opt/Sming/Sming/compiler/lib//libsming.a(UdpConnection.o)
 .ctors         0x000000003ffeabc0        0x4 /opt/Sming/Sming/compiler/lib//libsming.a(WebSocket.o)
 .ctors         0x000000003ffeabc4        0x4 /opt/Sming/Sming/compiler/lib//libsming.a(AccessPoint.o)
 .ctors         0x000000003ffeabc8        0x4 /opt/Sming/Sming/compiler/lib//libsming.a(RTC.o)
 .ctors         0x000000003ffeabcc        0x4 /opt/Sming/Sming/compiler/lib//libsming.a(Station.o)
 .ctors         0x000000003ffeabd0        0x4 /opt/Sming/Sming/compiler/lib//libsming.a(WDT.o)
 .ctors         0x000000003ffeabd4        0x4 /opt/Sming/Sming/compiler/lib//libsming.a(ArduinoJson.o)
 .ctors         0x000000003ffeabd8        0x4 /opt/Sming/Sming/compiler/lib//libsming.a(CommandExecutor.o)
 .ctors         0x000000003ffeabdc        0x4 /opt/Sming/Sming/compiler/lib//libsming.a(CommandHandler.o)
 .ctors         0x000000003ffeabe0        0x4 /opt/Sming/Sming/compiler/lib//libsming.a(CommandOutput.o)
 .ctors         0x000000003ffeabe4        0x4 /opt/Sming/Sming/compiler/lib//libsming.a(DateTime.o)
 .ctors         0x000000003ffeabe8        0x4 /opt/Sming/Sming/compiler/lib//libsming.a(LiquidCrystal.o)
 .ctors         0x000000003ffeabec        0x4 /opt/Sming/Sming/compiler/lib//libsming.a(HttpServerConnection.o)
 .ctors         0x000000003ffeabf0        0x4 /opt/Sming/Sming/compiler/lib//libsming.a(CommandDelegate.o)
 .ctors         0x000000003ffeabf4        0x4 /opt/Sming/Sming/compiler/lib//libsming.a(LCD.o)
 *(SORT(.ctors.*))
 *(.ctors)
                0x000000003ffeabf8                __init_array_end = ABSOLUTE (.)
 *crtbegin.o(.dtors)
 *(EXCLUDE_FILE(*crtend.o) .dtors)
 .dtors         0x000000003ffeabf8        0x4 /opt/Sming/Sming/compiler/lib//libsming.a(System.o)
 .dtors         0x000000003ffeabfc        0x4 /opt/Sming/Sming/compiler/lib//libsming.a(Interrupts.o)
 .dtors         0x000000003ffeac00        0x4 out/build/app_app.a(application.o)
 .dtors         0x000000003ffeac04        0x4 out/build/app_app.a(configuration.o)
 .dtors         0x000000003ffeac08        0x4 out/build/app_app.a(webserver.o)
 .dtors         0x000000003ffeac0c        0x4 /opt/Sming/Sming/compiler/lib//libsming.a(HardwareSerial.o)
 .dtors         0x000000003ffeac10        0x4 /opt/Sming/Sming/compiler/lib//libsming.a(AccessPoint.o)
 .dtors         0x000000003ffeac14        0x4 /opt/Sming/Sming/compiler/lib//libsming.a(Station.o)
 .dtors         0x000000003ffeac18        0x4 /opt/Sming/Sming/compiler/lib//libsming.a(WDT.o)
 .dtors         0x000000003ffeac1c        0x4 /opt/Sming/Sming/compiler/lib//libsming.a(ArduinoJson.o)
 *(SORT(.dtors.*))
 *(.dtors)
                0x000000003ffeac20                __XT_EXCEPTION_DESCS__ = ABSOLUTE (.)
 *(.xt_except_desc)
 *(.gnu.linkonce.h.*)
                0x000000003ffeac20                __XT_EXCEPTION_DESCS_END__ = ABSOLUTE (.)
 *(.xt_except_desc_end)
 *(.dynamic)
 *(.gnu.version_d)
                0x000000003ffeac20                . = ALIGN (0x4)
                0x000000003ffeac20                _bss_table_start = ABSOLUTE (.)
                0x000000003ffeac20        0x4 LONG 0x3ffeac28 _bss_start
                0x000000003ffeac24        0x4 LONG 0x3fff4ca8 _bss_end
                0x000000003ffeac28                _bss_table_end = ABSOLUTE (.)
                0x000000003ffeac28                _rodata_end = ABSOLUTE (.)

.bss            0x000000003ffeac28     0xa080
                0x000000003ffeac28                . = ALIGN (0x8)
                0x000000003ffeac28                _bss_start = ABSOLUTE (.)
 *(.dynsbss)
 *(.sbss)
 *(.sbss.*)
 *(.gnu.linkonce.sb.*)
 *(.scommon)
 *(.sbss2)
 *(.sbss2.*)
 *(.gnu.linkonce.sb2.*)
 *(.dynbss)
 *(.bss)
 *fill*         0x000000003ffeac28        0x8 
 .bss           0x000000003ffeac30      0x1c0 /opt/esp-open-sdk/sdk/lib/libmain.a(nmi-vector.o)
 .bss           0x000000003ffeadf0       0x41 /opt/esp-open-sdk/sdk/lib/libmain.a(app_main.o)
                0x000000003ffeadf4                info
                0x000000003ffeae18                lwip_timer_interval
                0x000000003ffeae1c                check_timeouts_timer
                0x000000003ffeae30                user_init_flag
 *fill*         0x000000003ffeae31        0xf 
 .bss           0x000000003ffeae40       0x30 /opt/esp-open-sdk/sdk/lib/libmain.a(ets_timer.o)
                0x000000003ffeae40                timer_list
                0x000000003ffeae44                debug_timer
                0x000000003ffeae48                debug_timerfn
 .bss           0x000000003ffeae70       0x18 /opt/esp-open-sdk/sdk/lib/libmain.a(mem_manager.o)
 .bss           0x000000003ffeae88        0x4 /opt/esp-open-sdk/sdk/lib/libmain.a(spi_flash.o)
                0x000000003ffeae88                flash_read
 *fill*         0x000000003ffeae8c        0x4 
 .bss           0x000000003ffeae90      0x151 /opt/esp-open-sdk/sdk/lib/libmain.a(user_interface.o)
                0x000000003ffeaf87                deep_sleep_flag
                0x000000003ffeaf88                cpu_overclock
                0x000000003ffeaf8c                event_cb
                0x000000003ffeaf90                status_led_output_level
                0x000000003ffeaf94                done_cb
                0x000000003ffeaf98                rst_if
                0x000000003ffeafb4                default_interface
                0x000000003ffeafb5                OpmodChgIsOnGoing
                0x000000003ffeafb8                bcn_ie
                0x000000003ffeafc0                promiscuous_cb
 *fill*         0x000000003ffeafe1        0x3 
 .bss           0x000000003ffeafe4        0xc /opt/esp-open-sdk/sdk/lib/libmain.a(eagle_lwip_if.o)
                0x000000003ffeafe4                hostname
 .bss           0x000000003ffeaff0        0x4 /opt/Sming/Sming/compiler/lib//libmicroc.a(__errno_location.o)
 .bss           0x000000003ffeaff4        0x4 /opt/esp-open-sdk/sdk/lib/libphy.a(phy.o)
 *fill*         0x000000003ffeaff8        0x8 
 .bss           0x000000003ffeb000      0x3ab /opt/esp-open-sdk/sdk/lib/libphy.a(phy_chip_v6.o)
                0x000000003ffeb000                g_phyFuns
                0x000000003ffeb004                rxiq_compute_num
                0x000000003ffeb008                rxdc_init_flag
                0x000000003ffeb00c                check_result
                0x000000003ffeb010                chip6_sleep_params
                0x000000003ffeb1f4                chip6_phy_init_ctrl
                0x000000003ffeb268                phy_freq_offset
                0x000000003ffeb26a                do_pwctrl_flag
                0x000000003ffeb26b                pwctrl_debug
                0x000000003ffeb26c                txbk_dpdby_flag
                0x000000003ffeb26e                sw_scan_mode
                0x000000003ffeb280                periodic_cal_dc_num
                0x000000003ffeb284                periodic_cal_flag
                0x000000003ffeb285                bbpll_cal_flag
                0x000000003ffeb286                phy_in_most_power
                0x000000003ffeb287                deep_sleep_en
                0x000000003ffeb288                rtc_mem_check_fail
                0x000000003ffeb289                rtc_recovery_en
                0x000000003ffeb28a                phy_in_vdd33_offset
                0x000000003ffeb28b                phy_set_most_tpw_disbg
                0x000000003ffeb28c                phy_set_most_tpw_index
                0x000000003ffeb290                adc_rand_noise
                0x000000003ffeb294                dpd_bypass_original
                0x000000003ffeb298                noise_array
                0x000000003ffeb3a0                tx_pwctrl_atten_init
 *fill*         0x000000003ffeb3ab        0x1 
 .bss           0x000000003ffeb3ac        0x6 /opt/esp-open-sdk/sdk/lib/libphy.a(phy_chip_v6_cal.o)
                0x000000003ffeb3ac                loop_pwctrl_pwdet_error_accum_high_power
                0x000000003ffeb3ae                tx_pwctrl_pk_num
                0x000000003ffeb3af                loop_pwctrl_correct_atten_high_power
                0x000000003ffeb3b0                tx_pwctrl_set_chan_flag
                0x000000003ffeb3b1                rxiq_cover_fail_num
 *fill*         0x000000003ffeb3b2        0x2 
 .bss           0x000000003ffeb3b4        0x7 /opt/esp-open-sdk/sdk/lib/libphy.a(phy_sleep.o)
                0x000000003ffeb3b4                periodic_cal_sat
                0x000000003ffeb3b6                lslp_mem_opt_8266
                0x000000003ffeb3b8                software_slp_reject
                0x000000003ffeb3b9                SDIO_slp_reject
                0x000000003ffeb3ba                hardware_reject
 *fill*         0x000000003ffeb3bb        0x5 
 .bss           0x000000003ffeb3c0       0x30 /opt/esp-open-sdk/sdk/lib/libpp.a(if_hwctrl.o)
                0x000000003ffeb3c0                interface_mask
                0x000000003ffeb3d0                if_ctrl
 .bss           0x000000003ffeb3f0      0x150 /opt/esp-open-sdk/sdk/lib/libpp.a(lmac.o)
                0x000000003ffeb3f4                lmacConfMib
 .bss           0x000000003ffeb540      0x11a /opt/esp-open-sdk/sdk/lib/libpp.a(pm.o)
                0x000000003ffeb540                pmc
 *fill*         0x000000003ffeb65a        0x2 
 .bss           0x000000003ffeb65c       0x30 /opt/esp-open-sdk/sdk/lib/libpp.a(pm_for_bcn_only_mode.o)
 *fill*         0x000000003ffeb68c        0x4 
 .bss           0x000000003ffeb690      0x2e2 /opt/esp-open-sdk/sdk/lib/libpp.a(pp.o)
                0x000000003ffeb6a8                pend_flag_noise_check
                0x000000003ffeb6b0                pend_flag_periodic_cal
                0x000000003ffeb6c8                idle_timer_reopen_flag
                0x000000003ffeb6c9                dbg_stop_sw_wdt
                0x000000003ffeb6ca                dbg_stop_hw_wdt
                0x000000003ffeb6e0                HighestFreqOffsetInOneChk
 *fill*         0x000000003ffeb972        0xe 
 .bss           0x000000003ffeb980      0x100 /opt/esp-open-sdk/sdk/lib/libpp.a(rate_control.o)
 .bss           0x000000003ffeba80      0x448 /opt/esp-open-sdk/sdk/lib/libpp.a(trc.o)
 *fill*         0x000000003ffebec8        0x8 
 .bss           0x000000003ffebed0     0x4e88 /opt/esp-open-sdk/sdk/lib/libpp.a(wdev.o)
                0x000000003ffebed0                wDevCtrl
                0x000000003ffec078                WdevTimOffSet
 *fill*         0x000000003fff0d58        0x8 
 .bss           0x000000003fff0d60     0x1294 /opt/esp-open-sdk/sdk/lib/libpp.a(esf_buf.o)
 .bss           0x000000003fff1ff4      0x584 /opt/esp-open-sdk/sdk/lib/libnet80211.a(ieee80211.o)
                0x000000003fff1ff4                g_ic
 .bss           0x000000003fff2578       0x40 /opt/esp-open-sdk/sdk/lib/libnet80211.a(ieee80211_hostap.o)
                0x000000003fff2578                BcnEb_update
                0x000000003fff259c                PendFreeBcnEb
                0x000000003fff25a0                ApFreqCalTimer
 .bss           0x000000003fff25b8       0xd0 /opt/esp-open-sdk/sdk/lib/libnet80211.a(ieee80211_scan.o)
                0x000000003fff25b8                gScanStruct
                0x000000003fff266c                FreqCalCntForScan
                0x000000003fff266e                TestStaFreqCalValInput
                0x000000003fff2670                auth_type
                0x000000003fff2672                scannum
 .bss           0x000000003fff2688       0x3c /opt/esp-open-sdk/sdk/lib/libnet80211.a(wl_chm.o)
 *fill*         0x000000003fff26c4        0x4 
 .bss           0x000000003fff26c8      0x418 /opt/esp-open-sdk/sdk/lib/libnet80211.a(wl_cnx.o)
                0x000000003fff2ac8                sta_con_timer
                0x000000003fff2adc                g_cnx_probe_rc_list_cb
 .bss           0x000000003fff2ae0        0x8 /opt/esp-open-sdk/sdk/lib/libnet80211.a(ieee80211_action_vendor.o)
 *fill*         0x000000003fff2ae8        0x8 
 .bss           0x000000003fff2af0       0x38 /opt/esp-open-sdk/sdk/lib/liblwip.a(dhcp.o)
                0x000000003fff2af0                dhcp_rx_options_given
                0x000000003fff2b00                dhcp_rx_options_val
 .bss           0x000000003fff2b28      0x24c /opt/esp-open-sdk/sdk/lib/liblwip.a(dhcpserver.o)
                0x000000003fff2b38                s
 *fill*         0x000000003fff2d74        0xc 
 .bss           0x000000003fff2d80      0x690 /opt/esp-open-sdk/sdk/lib/liblwip.a(dns.o)
 .bss           0x000000003fff3410       0x78 /opt/esp-open-sdk/sdk/lib/liblwip.a(espconn_tcp.o)
                0x000000003fff3410                espconn_TaskQueue
 *fill*         0x000000003fff3488        0x8 
 .bss           0x000000003fff3490      0x100 /opt/esp-open-sdk/sdk/lib/liblwip.a(etharp.o)
                0x000000003fff3494                ethzero
 .bss           0x000000003fff3590       0x20 /opt/esp-open-sdk/sdk/lib/liblwip.a(ip_addr.o)
                0x000000003fff3590                ip_addr_any
 .bss           0x000000003fff35b0       0x12 /opt/esp-open-sdk/sdk/lib/liblwip.a(ip.o)
                0x000000003fff35b0                current_iphdr_dest
                0x000000003fff35b4                current_iphdr_src
                0x000000003fff35b8                current_netif
                0x000000003fff35bc                current_header
 *fill*         0x000000003fff35c2        0x2 
 .bss           0x000000003fff35c4        0x9 /opt/esp-open-sdk/sdk/lib/liblwip.a(netif.o)
                0x000000003fff35c4                netif_list
                0x000000003fff35c8                netif_default
 *fill*         0x000000003fff35cd        0x3 
 .bss           0x000000003fff35d0        0x4 /opt/esp-open-sdk/sdk/lib/liblwip.a(raw.o)
 .bss           0x000000003fff35d4       0x34 /opt/esp-open-sdk/sdk/lib/liblwip.a(tcp_in.o)
                0x000000003fff3604                tcp_input_pcb
 .bss           0x000000003fff3608       0x1c /opt/esp-open-sdk/sdk/lib/liblwip.a(tcp.o)
                0x000000003fff360c                tcp_active_pcbs
                0x000000003fff3610                tcp_tmp_pcb
                0x000000003fff3614                tcp_tw_pcbs
                0x000000003fff3618                tcp_bound_pcbs
                0x000000003fff361c                tcp_listen_pcbs
                0x000000003fff3620                tcp_ticks
 .bss           0x000000003fff3624        0xc /opt/esp-open-sdk/sdk/lib/liblwip.a(timers.o)
 .bss           0x000000003fff3630        0x4 /opt/esp-open-sdk/sdk/lib/liblwip.a(udp.o)
                0x000000003fff3630                udp_pcbs
 *fill*         0x000000003fff3634        0xc 
 .bss           0x000000003fff3640      0x104 /opt/esp-open-sdk/sdk/lib/liblwip.a(espconn.o)
                0x000000003fff3640                plink_active
                0x000000003fff3644                pserver_list
                0x000000003fff3650                premot
                0x000000003fff3710                pktinfo
 .bss           0x000000003fff3744        0xc /opt/esp-open-sdk/sdk/lib/liblwip.a(igmp.o)
 .bss           0x000000003fff3750      0x421 /opt/esp-open-sdk/sdk/lib/liblwip.a(mdns.o)
                0x000000003fff3754                PUCK_SERVICE
                0x000000003fff375c                PUCK_PORT
                0x000000003fff3768                mdns_timer
 *fill*         0x000000003fff3b71        0xf 
 .bss           0x000000003fff3b80      0x27a /opt/esp-open-sdk/sdk/lib/libwpa.a(wpa.o)
 *fill*         0x000000003fff3dfa        0x6 
 .bss           0x000000003fff3e00        0x8 /opt/esp-open-sdk/sdk/lib/libnet80211.a(ieee80211_crypto_tkip.o)
 *(.bss.*)
 .bss._ZL5ESP01
                0x000000003fff3e08       0x30 /opt/Sming/Sming/compiler/lib//libsming.a(user_main.o)
 .bss._ZL11INADDR_NONE
                0x000000003fff3e38        0x8 /opt/Sming/Sming/compiler/lib//libsming.a(user_main.o)
 .bss.System    0x000000003fff3e40       0x2c /opt/Sming/Sming/compiler/lib//libsming.a(System.o)
                0x000000003fff3e40                System
 .bss._ZL5ESP01
                0x000000003fff3e6c       0x30 /opt/Sming/Sming/compiler/lib//libsming.a(m_printf.o)
 .bss._ZL11INADDR_NONE
                0x000000003fff3e9c        0x8 /opt/Sming/Sming/compiler/lib//libsming.a(m_printf.o)
 .bss._ZL5ESP01
                0x000000003fff3ea4       0x30 /opt/Sming/Sming/compiler/lib//libsming.a(IPAddress.o)
 .bss._ZL11INADDR_NONE
                0x000000003fff3ed4        0x8 /opt/Sming/Sming/compiler/lib//libsming.a(IPAddress.o)
 .bss._ZL11INADDR_NONE
                0x000000003fff3edc        0x8 /opt/Sming/Sming/compiler/lib//libsming.a(Print.o)
 .bss._ZZN6StringixEjE19dummy_writable_char
                0x000000003fff3ee4        0x1 /opt/Sming/Sming/compiler/lib//libsming.a(WString.o)
 *fill*         0x000000003fff3ee5        0x3 
 .bss._ZL11INADDR_NONE
                0x000000003fff3ee8        0x8 /opt/Sming/Sming/compiler/lib//libsming.a(WString.o)
 .bss._gpioInterruptsInitialied
                0x000000003fff3ef0        0x1 /opt/Sming/Sming/compiler/lib//libsming.a(Interrupts.o)
                0x000000003fff3ef0                _gpioInterruptsInitialied
 *fill*         0x000000003fff3ef1        0x3 
 .bss._delegateFunctionList
                0x000000003fff3ef4       0x40 /opt/Sming/Sming/compiler/lib//libsming.a(Interrupts.o)
                0x000000003fff3ef4                _delegateFunctionList
 .bss._gpioInterruptsList
                0x000000003fff3f34       0x40 /opt/Sming/Sming/compiler/lib//libsming.a(Interrupts.o)
                0x000000003fff3f34                _gpioInterruptsList
 .bss._ZL11INADDR_NONE
                0x000000003fff3f74        0x8 /opt/Sming/Sming/compiler/lib//libsming.a(Interrupts.o)
 .bss._ZL11INADDR_NONE
                0x000000003fff3f7c        0x8 /opt/Sming/Sming/compiler/lib//libsming.a(Digital.o)
 .bss.herokuSend
                0x000000003fff3f84       0x7c out/build/app_app.a(application.o)
                0x000000003fff3f84                herokuSend
 .bss.lcd       0x000000003fff4000       0x20 out/build/app_app.a(application.o)
                0x000000003fff4000                lcd
 .bss.CasovacWykon
                0x000000003fff4020       0x30 out/build/app_app.a(application.o)
                0x000000003fff4020                CasovacWykon
 .bss.demo      0x000000003fff4050        0x4 out/build/app_app.a(application.o)
                0x000000003fff4050                demo
 .bss.preruseni
                0x000000003fff4054        0x4 out/build/app_app.a(application.o)
                0x000000003fff4054                preruseni
 .bss.vykon     0x000000003fff4058        0x4 out/build/app_app.a(application.o)
                0x000000003fff4058                vykon
 .bss._ZL5ESP01
                0x000000003fff405c       0x30 out/build/app_app.a(application.o)
 .bss._ZL11INADDR_NONE
                0x000000003fff408c        0x8 out/build/app_app.a(application.o)
 .bss.ActiveConfig
                0x000000003fff4094       0x18 out/build/app_app.a(configuration.o)
                0x000000003fff4094                ActiveConfig
 .bss._ZL5ESP01
                0x000000003fff40ac       0x30 out/build/app_app.a(configuration.o)
 .bss._ZL11INADDR_NONE
                0x000000003fff40dc        0x8 out/build/app_app.a(configuration.o)
 .bss.dowfid    0x000000003fff40e4        0x4 out/build/app_app.a(webserver.o)
                0x000000003fff40e4                dowfid
 .bss.downloadClient
                0x000000003fff40e8       0x7c out/build/app_app.a(webserver.o)
                0x000000003fff40e8                downloadClient
 *fill*         0x000000003fff4164        0x4 
 .bss.downloadTimer
                0x000000003fff4168       0x30 out/build/app_app.a(webserver.o)
                0x000000003fff4168                downloadTimer
 .bss.server    0x000000003fff4198       0x74 out/build/app_app.a(webserver.o)
                0x000000003fff4198                server
 .bss.serverStarted
                0x000000003fff420c        0x1 out/build/app_app.a(webserver.o)
                0x000000003fff420c                serverStarted
 *fill*         0x000000003fff420d        0x3 
 .bss._ZL5ESP01
                0x000000003fff4210       0x30 out/build/app_app.a(webserver.o)
 .bss._ZL11INADDR_NONE
                0x000000003fff4240        0x8 out/build/app_app.a(webserver.o)
 .bss.spiffs_cache
                0x000000003fff4248      0x480 /opt/Sming/Sming/compiler/lib//libsming.a(spiffs_sming.o)
 .bss.spiffs_fds
                0x000000003fff46c8       0xe0 /opt/Sming/Sming/compiler/lib//libsming.a(spiffs_sming.o)
 .bss.spiffs_work_buf
                0x000000003fff47a8      0x200 /opt/Sming/Sming/compiler/lib//libsming.a(spiffs_sming.o)
 .bss._ZL11INADDR_NONE
                0x000000003fff49a8        0x8 /opt/Sming/Sming/compiler/lib//libsming.a(Clock.o)
 .bss._ZL11INADDR_NONE
                0x000000003fff49b0        0x8 /opt/Sming/Sming/compiler/lib//libsming.a(DataSourceStream.o)
 .bss.Serial    0x000000003fff49b8       0x14 /opt/Sming/Sming/compiler/lib//libsming.a(HardwareSerial.o)
                0x000000003fff49b8                Serial
 .bss._ZN14HardwareSerial10memberDataE
                0x000000003fff49cc       0x18 /opt/Sming/Sming/compiler/lib//libsming.a(HardwareSerial.o)
                0x000000003fff49cc                _ZN14HardwareSerial10memberDataE
 .bss._ZL11INADDR_NONE
                0x000000003fff49e4        0x8 /opt/Sming/Sming/compiler/lib//libsming.a(HardwareSerial.o)
 *fill*         0x000000003fff49ec        0x4 
 .bss.SystemClock
                0x000000003fff49f0       0x18 /opt/Sming/Sming/compiler/lib//libsming.a(SystemClock.o)
                0x000000003fff49f0                SystemClock
 .bss._ZL11INADDR_NONE
                0x000000003fff4a08        0x8 /opt/Sming/Sming/compiler/lib//libsming.a(SystemClock.o)
 .bss._ZL5ESP01
                0x000000003fff4a10       0x30 /opt/Sming/Sming/compiler/lib//libsming.a(HttpClient.o)
 .bss._ZL11INADDR_NONE
                0x000000003fff4a40        0x8 /opt/Sming/Sming/compiler/lib//libsming.a(HttpClient.o)
 .bss._ZL11INADDR_NONE
                0x000000003fff4a48        0x8 /opt/Sming/Sming/compiler/lib//libsming.a(HttpRequest.o)
 .bss._ZL11INADDR_NONE
                0x000000003fff4a50        0x8 /opt/Sming/Sming/compiler/lib//libsming.a(HttpResponse.o)
 .bss._ZL11INADDR_NONE
                0x000000003fff4a58        0x8 /opt/Sming/Sming/compiler/lib//libsming.a(HttpServer.o)
 .bss._ZL11INADDR_NONE
                0x000000003fff4a60        0x8 /opt/Sming/Sming/compiler/lib//libsming.a(NtpClient.o)
 .bss._ZL11INADDR_NONE
                0x000000003fff4a68        0x8 /opt/Sming/Sming/compiler/lib//libsming.a(TcpClient.o)
 .bss._ZL11INADDR_NONE
                0x000000003fff4a70        0x8 /opt/Sming/Sming/compiler/lib//libsming.a(TcpConnection.o)
 .bss._ZN9TcpServer16totalConnectionsE
                0x000000003fff4a78        0x2 /opt/Sming/Sming/compiler/lib//libsming.a(TcpServer.o)
                0x000000003fff4a78                _ZN9TcpServer16totalConnectionsE
 *fill*         0x000000003fff4a7a        0x2 
 .bss._ZL11INADDR_NONE
                0x000000003fff4a7c        0x8 /opt/Sming/Sming/compiler/lib//libsming.a(TcpServer.o)
 .bss._ZL11INADDR_NONE
                0x000000003fff4a84        0x8 /opt/Sming/Sming/compiler/lib//libsming.a(UdpConnection.o)
 .bss._ZL11INADDR_NONE
                0x000000003fff4a8c        0x8 /opt/Sming/Sming/compiler/lib//libsming.a(WebSocket.o)
 .bss.WifiAccessPoint
                0x000000003fff4a94        0x8 /opt/Sming/Sming/compiler/lib//libsming.a(AccessPoint.o)
                0x000000003fff4a94                WifiAccessPoint
 .bss._ZL5ESP01
                0x000000003fff4a9c       0x30 /opt/Sming/Sming/compiler/lib//libsming.a(AccessPoint.o)
 .bss._ZL11INADDR_NONE
                0x000000003fff4acc        0x8 /opt/Sming/Sming/compiler/lib//libsming.a(AccessPoint.o)
 .bss.RTC       0x000000003fff4ad4        0x1 /opt/Sming/Sming/compiler/lib//libsming.a(RTC.o)
                0x000000003fff4ad4                RTC
 *fill*         0x000000003fff4ad5        0x3 
 .bss.WifiStation
                0x000000003fff4ad8       0x20 /opt/Sming/Sming/compiler/lib//libsming.a(Station.o)
                0x000000003fff4ad8                WifiStation
 .bss._ZL5ESP01
                0x000000003fff4af8       0x30 /opt/Sming/Sming/compiler/lib//libsming.a(Station.o)
 .bss._ZL11INADDR_NONE
                0x000000003fff4b28        0x8 /opt/Sming/Sming/compiler/lib//libsming.a(Station.o)
 .bss.WDT       0x000000003fff4b30        0x8 /opt/Sming/Sming/compiler/lib//libsming.a(WDT.o)
                0x000000003fff4b30                WDT
 .bss._ZN11ArduinoJson11JsonVariant8_invalidE
                0x000000003fff4b38       0x10 /opt/Sming/Sming/compiler/lib//libsming.a(ArduinoJson.o)
                0x000000003fff4b38                _ZN11ArduinoJson11JsonVariant8_invalidE
 .bss._ZN11ArduinoJson10JsonObject8_invalidE
                0x000000003fff4b48        0x8 /opt/Sming/Sming/compiler/lib//libsming.a(ArduinoJson.o)
                0x000000003fff4b48                _ZN11ArduinoJson10JsonObject8_invalidE
 .bss._ZN11ArduinoJson17JsonStringStorage8_invalidE
                0x000000003fff4b50        0x8 /opt/Sming/Sming/compiler/lib//libsming.a(ArduinoJson.o)
                0x000000003fff4b50                _ZN11ArduinoJson17JsonStringStorage8_invalidE
 .bss._ZN11ArduinoJson9JsonArray8_invalidE
                0x000000003fff4b58        0x8 /opt/Sming/Sming/compiler/lib//libsming.a(ArduinoJson.o)
                0x000000003fff4b58                _ZN11ArduinoJson9JsonArray8_invalidE
 .bss._ZL11INADDR_NONE
                0x000000003fff4b60        0x8 /opt/Sming/Sming/compiler/lib//libsming.a(CommandExecutor.o)
 .bss.commandHandler
                0x000000003fff4b68        0x4 /opt/Sming/Sming/compiler/lib//libsming.a(CommandHandler.o)
                0x000000003fff4b68                commandHandler
 .bss._ZL11INADDR_NONE
                0x000000003fff4b6c        0x8 /opt/Sming/Sming/compiler/lib//libsming.a(CommandHandler.o)
 .bss._ZL11INADDR_NONE
                0x000000003fff4b74        0x8 /opt/Sming/Sming/compiler/lib//libsming.a(CommandOutput.o)
 .bss._ZL5ESP01
                0x000000003fff4b7c       0x30 /opt/Sming/Sming/compiler/lib//libsming.a(DateTime.o)
 .bss._ZL11INADDR_NONE
                0x000000003fff4bac        0x8 /opt/Sming/Sming/compiler/lib//libsming.a(DateTime.o)
 .bss._ZL5ESP01
                0x000000003fff4bb4       0x30 /opt/Sming/Sming/compiler/lib//libsming.a(LiquidCrystal.o)
 .bss._ZL11INADDR_NONE
                0x000000003fff4be4        0x8 /opt/Sming/Sming/compiler/lib//libsming.a(LiquidCrystal.o)
 .bss._ZL11INADDR_NONE
                0x000000003fff4bec        0x8 /opt/Sming/Sming/compiler/lib//libsming.a(HttpServerConnection.o)
 .bss._ZL11INADDR_NONE
                0x000000003fff4bf4        0x8 /opt/Sming/Sming/compiler/lib//libsming.a(CommandDelegate.o)
 .bss._ZL5ESP01
                0x000000003fff4bfc       0x30 /opt/Sming/Sming/compiler/lib//libsming.a(LCD.o)
 .bss._ZL11INADDR_NONE
                0x000000003fff4c2c        0x8 /opt/Sming/Sming/compiler/lib//libsming.a(LCD.o)
 *(.gnu.linkonce.b.*)
 *(COMMON)
 COMMON         0x000000003fff4c34       0x70 /opt/Sming/Sming/compiler/lib//libsming.a(spiffs_sming.o)
                0x000000003fff4c34                _filesystemStorageHandle
                0x000000003fff4ca8                . = ALIGN (0x8)
 *fill*         0x000000003fff4ca4        0x4 
                0x000000003fff4ca8                _bss_end = ABSOLUTE (.)
                0x000000003fff4ca8                _heap_start = ABSOLUTE (.)

.irom0.text     0x0000000040209000    0x3ca7a
                0x0000000040209000                _irom0_text_start = ABSOLUTE (.)
 *(.irom0.literal .irom.literal .irom.text.literal .irom0.text .irom.text)
 .irom0.text    0x0000000040209000      0x669 /opt/esp-open-sdk/sdk/lib/libmain.a(app_main.o)
                                        0x795 (size before relaxing)
                0x00000000402091e4                wdt_init
                0x0000000040209270                user_uart_wait_tx_fifo_empty
 *fill*         0x0000000040209669        0x3 
 .irom0.text    0x000000004020966c      0x15e /opt/esp-open-sdk/sdk/lib/libmain.a(ets_timer.o)
                                        0x192 (size before relaxing)
                0x0000000040209674                ets_timer_done
                0x00000000402096b8                ets_timer_handler_isr
                0x0000000040209768                ets_timer_init
 *fill*         0x00000000402097ca        0x2 
 .irom0.text    0x00000000402097cc       0x4e /opt/esp-open-sdk/sdk/lib/libmain.a(mem_manager.o)
                                         0x52 (size before relaxing)
                0x00000000402097d0                xPortGetFreeHeapSize
                0x00000000402097d8                vPortInitialiseBlocks
 *fill*         0x000000004020981a        0x2 
 .irom0.text    0x000000004020981c     0x28dd /opt/esp-open-sdk/sdk/lib/libmain.a(user_interface.o)
                                       0x30cd (size before relaxing)
                0x0000000040209820                system_set_os_print
                0x0000000040209830                system_get_os_print
                0x00000000402099fc                system_pp_recycle_rx_pkt
                0x0000000040209a10                system_adc_read
                0x0000000040209a28                system_get_vdd33
                0x0000000040209a44                system_restart
                0x0000000040209a9c                system_restore
                0x0000000040209af8                system_get_flash_size_map
                0x0000000040209b18                system_get_boot_version
                0x0000000040209b50                system_get_test_result
                0x0000000040209b78                system_get_userbin_addr
                0x0000000040209c10                system_get_boot_mode
                0x0000000040209c40                system_restart_enhance
                0x0000000040209d70                system_upgrade_userbin_set
                0x0000000040209dbc                system_upgrade_userbin_check
                0x0000000040209dfc                system_upgrade_flag_set
                0x0000000040209e10                system_upgrade_flag_check
                0x0000000040209e38                system_upgrade_reboot
                0x0000000040209f48                system_deep_sleep
                0x0000000040209fa8                system_deep_sleep_set_option
                0x0000000040209fc4                system_phy_temperature_alert
                0x0000000040209fd8                system_phy_set_max_tpw
                0x0000000040209fec                system_phy_set_tpw_via_vdd33
                0x000000004020a000                system_phy_set_rfoption
                0x000000004020a018                system_update_cpu_freq
                0x000000004020a074                system_get_cpu_freq
                0x000000004020a08c                system_overclock
                0x000000004020a0b8                system_restoreclock
                0x000000004020a0e8                system_timer_reinit
                0x000000004020a104                system_relative_time
                0x000000004020a124                system_station_got_ip_set
                0x000000004020a22c                system_print_meminfo
                0x000000004020a28c                system_get_free_heap_size
                0x000000004020a2a4                system_get_chip_id
                0x000000004020a2c8                system_rtc_clock_cali_proc
                0x000000004020a2dc                system_get_rtc_time
                0x000000004020a2f0                system_mktime
                0x000000004020a3c0                system_init_done_cb
                0x000000004020a3c8                system_get_rst_info
                0x000000004020a3d0                wifi_softap_dhcps_start
                0x000000004020a418                wifi_softap_dhcps_stop
                0x000000004020a458                wifi_softap_dhcps_status
                0x000000004020a460                wifi_station_dhcpc_start
                0x000000004020a4b8                wifi_station_dhcpc_stop
                0x000000004020a4f8                wifi_station_dhcpc_status
                0x000000004020a564                wifi_get_opmode
                0x000000004020a578                wifi_get_opmode_default
                0x000000004020a5f4                wifi_get_broadcast_if
                0x000000004020a630                wifi_set_broadcast_if
                0x000000004020a740                wifi_set_opmode
                0x000000004020a754                wifi_set_opmode_current
                0x000000004020a768                system_get_checksum
                0x000000004020a830                system_param_save_with_protect
                0x000000004020a8d8                system_save_sys_param
                0x000000004020a904                system_param_load
                0x000000004020aa30                wifi_station_get_config
                0x000000004020aa44                wifi_station_get_config_default
                0x000000004020aa64                wifi_station_get_ap_info
                0x000000004020ab1c                wifi_station_ap_number_set
                0x000000004020adc0                wifi_station_set_config
                0x000000004020add4                wifi_station_set_config_current
                0x000000004020ade8                wifi_station_get_current_ap_id
                0x000000004020adfc                wifi_station_ap_check
                0x000000004020ae34                wifi_station_ap_change
                0x000000004020af1c                wifi_station_scan
                0x000000004020af68                wifi_station_get_auto_connect
                0x000000004020af7c                wifi_station_set_auto_connect
                0x000000004020afd0                wifi_station_connect
                0x000000004020b064                wifi_station_disconnect
                0x000000004020b110                wifi_station_get_connect_status
                0x000000004020b140                wifi_station_set_reconnect_policy
                0x000000004020b158                wifi_station_get_reconnect_policy
                0x000000004020b160                wifi_station_get_rssi
                0x000000004020b1a8                wifi_station_set_default_hostname
                0x000000004020b1f0                wifi_station_get_hostname
                0x000000004020b218                wifi_station_set_hostname
                0x000000004020b2a4                wifi_softap_cacl_mac
                0x000000004020b314                wifi_softap_set_default_ssid
                0x000000004020b4bc                wifi_softap_get_config
                0x000000004020b4d0                wifi_softap_get_config_default
                0x000000004020b740                wifi_softap_set_config
                0x000000004020b754                wifi_softap_set_config_current
                0x000000004020b768                wifi_softap_set_station_info
                0x000000004020b7d4                wifi_softap_get_station_info
                0x000000004020b878                wifi_softap_free_station_info
                0x000000004020b8ac                wifi_softap_get_station_num
                0x000000004020b900                wifi_softap_deauth
                0x000000004020b9b0                wifi_softap_get_beacon_only_mode
                0x000000004020b9c4                wifi_softap_set_beacon_only_mode
                0x000000004020ba2c                wifi_set_user_ie
                0x000000004020ba9c                wifi_get_user_ie
                0x000000004020baac                wifi_get_phy_mode
                0x000000004020bab4                wifi_set_phy_mode
                0x000000004020bb7c                wifi_set_sleep_type
                0x000000004020bb98                wifi_get_sleep_type
                0x000000004020bbb0                wifi_get_channel
                0x000000004020bbc8                wifi_set_channel
                0x000000004020bc0c                wifi_promiscuous_set_mac
                0x000000004020bc6c                wifi_promiscuous_enable
                0x000000004020bd50                wifi_set_promiscuous_rx_cb
                0x000000004020bd60                wifi_get_ip_info
                0x000000004020bde0                wifi_set_ip_info
                0x000000004020be54                wifi_get_macaddr
                0x000000004020beb4                wifi_set_macaddr
                0x000000004020bfa0                wifi_status_led_install
                0x000000004020bfd4                wifi_status_led_uninstall
                0x000000004020bff8                wifi_set_status_led_output_level
                0x000000004020c00c                wifi_set_event_handler_cb
                0x000000004020c01c                system_os_task
                0x000000004020c060                system_uart_swap
                0x000000004020c0c0                system_uart_de_swap
                0x000000004020c0f4                system_get_sdk_version
 *fill*         0x000000004020c0f9        0x3 
 .irom0.text    0x000000004020c0fc      0x5cf /opt/esp-open-sdk/sdk/lib/libmain.a(eagle_lib.o)
                                        0x5df (size before relaxing)
                0x000000004020c100                divide
                0x000000004020c13c                skip_atoi
                0x000000004020c2bc                ets_vsnprintf
                0x000000004020c61c                ets_vsprintf
                0x000000004020c640                ets_sprintf
                0x000000004020c668                ets_strcat
                0x000000004020c688                ets_strrchr
                0x000000004020c6b4                ets_strchr
 *fill*         0x000000004020c6cb        0x1 
 .irom0.text    0x000000004020c6cc      0x2c6 /opt/esp-open-sdk/sdk/lib/libmain.a(eagle_lwip_if.o)
                                        0x366 (size before relaxing)
                0x000000004020c77c                eagle_lwip_if_alloc
                0x000000004020c914                eagle_lwip_if_free
                0x000000004020c970                eagle_lwip_getif
 *fill*         0x000000004020c992        0x2 
 .irom0.literal
                0x000000004020c994        0x8 /opt/Sming/Sming/compiler/lib//libmicroc.a(strtod.o)
                                         0x10 (size before relaxing)
 .irom0.literal
                0x000000004020c99c        0x0 /opt/Sming/Sming/compiler/lib//libmicroc.a(strchr.o)
                                          0x4 (size before relaxing)
 .irom0.literal
                0x000000004020c99c        0x0 /opt/Sming/Sming/compiler/lib//libmicroc.a(strrchr.o)
                                          0x4 (size before relaxing)
 .irom0.literal
                0x000000004020c99c        0xc /opt/Sming/Sming/compiler/lib//libmicroc.a(strchrnul.o)
 .irom0.literal
                0x000000004020c9a8        0x4 /opt/Sming/Sming/compiler/lib//libmicroc.a(malloc.o)
                                         0x14 (size before relaxing)
 .irom0.literal
                0x000000004020c9ac        0x4 /opt/Sming/Sming/compiler/lib//libmicroc.a(abort.o)
                                          0x8 (size before relaxing)
 .irom0.literal
                0x000000004020c9b0       0xac /opt/Sming/Sming/compiler/lib//libmicroc.a(floatscan.o)
                                        0x294 (size before relaxing)
 .irom0.literal
                0x000000004020ca5c        0x0 /opt/Sming/Sming/compiler/lib//libmicroc.a(shgetc.o)
                                          0x4 (size before relaxing)
 .irom0.literal
                0x000000004020ca5c        0x0 /opt/Sming/Sming/compiler/lib//libmicroc.a(__uflow.o)
                                          0x4 (size before relaxing)
 .irom0.literal
                0x000000004020ca5c        0x0 /opt/Sming/Sming/compiler/lib//libmicroc.a(__toread.o)
                                          0x4 (size before relaxing)
 .irom0.literal
                0x000000004020ca5c        0x0 /opt/Sming/Sming/compiler/lib//libmicroc.a(fmodl.o)
                                          0x4 (size before relaxing)
 .irom0.literal
                0x000000004020ca5c        0x4 /opt/Sming/Sming/compiler/lib//libmicroc.a(scalbn.o)
                                         0x24 (size before relaxing)
 .irom0.literal
                0x000000004020ca60        0x0 /opt/Sming/Sming/compiler/lib//libmicroc.a(scalbnl.o)
                                          0x4 (size before relaxing)
 .irom0.literal
                0x000000004020ca60        0x4 /opt/Sming/Sming/compiler/lib//libmicroc.a(__errno_location.o)
 .irom0.literal
                0x000000004020ca64       0x18 /opt/Sming/Sming/compiler/lib//libmicroc.a(fmod.o)
                                         0x38 (size before relaxing)
 .irom0.literal
                0x000000004020ca7c        0x0 /opt/Sming/Sming/compiler/lib//libmicroc.a(sprintf.o)
                                          0x4 (size before relaxing)
 .irom0.literal
                0x000000004020ca7c        0x0 /opt/Sming/Sming/compiler/lib//libmicroc.a(vsprintf.o)
                                          0x4 (size before relaxing)
 .irom0.literal
                0x000000004020ca7c        0x0 /opt/Sming/Sming/compiler/lib//libmicroc.a(strtol.o)
                                         0x2c (size before relaxing)
 .irom0.literal
                0x000000004020ca7c        0x0 /opt/Sming/Sming/compiler/lib//libmicroc.a(memchr.o)
                                          0x8 (size before relaxing)
 .irom0.literal
                0x000000004020ca7c       0x1c /opt/Sming/Sming/compiler/lib//libmicroc.a(intscan.o)
                                         0x84 (size before relaxing)
 .irom0.literal
                0x000000004020ca98        0x4 /opt/Sming/Sming/compiler/lib//libmicrogcc.a(_divsf3.o)
                                         0x10 (size before relaxing)
 .irom0.text    0x000000004020ca9c       0xad /opt/Sming/Sming/compiler/lib//libmicroc.a(strtod.o)
                                         0xb1 (size before relaxing)
                0x000000004020cb08                strtof
                0x000000004020cb24                strtod
                0x000000004020cb38                strtold
 *fill*         0x000000004020cb49        0x3 
 .irom0.text    0x000000004020cb4c       0x25 /opt/Sming/Sming/compiler/lib//libmicroc.a(strchr.o)
                                         0x29 (size before relaxing)
                0x000000004020cb4c                strchr
 *fill*         0x000000004020cb71        0x3 
 .irom0.text    0x000000004020cb74        0xf /opt/Sming/Sming/compiler/lib//libmicroc.a(strrchr.o)
                                         0x13 (size before relaxing)
                0x000000004020cb74                strrchr
 *fill*         0x000000004020cb83        0x1 
 .irom0.text    0x000000004020cb84       0x75 /opt/Sming/Sming/compiler/lib//libmicroc.a(strchrnul.o)
                0x000000004020cb84                __strchrnul
                0x000000004020cb84                strchrnul
 *fill*         0x000000004020cbf9        0x3 
 .irom0.text    0x000000004020cbfc       0x65 /opt/Sming/Sming/compiler/lib//libmicroc.a(malloc.o)
                0x000000004020cbfc                malloc
                0x000000004020cc10                free
                0x000000004020cc24                realloc
                0x000000004020cc38                zalloc
                0x000000004020cc4c                calloc
 *fill*         0x000000004020cc61        0x3 
 .irom0.text    0x000000004020cc64       0x11 /opt/Sming/Sming/compiler/lib//libmicroc.a(abort.o)
                0x000000004020cc64                abort
 *fill*         0x000000004020cc75        0x3 
 .irom0.text    0x000000004020cc78     0x12e0 /opt/Sming/Sming/compiler/lib//libmicroc.a(floatscan.o)
                                       0x1320 (size before relaxing)
                0x000000004020d788                __floatscan
 .irom0.text    0x000000004020df58       0x95 /opt/Sming/Sming/compiler/lib//libmicroc.a(shgetc.o)
                0x000000004020df58                __shlim
                0x000000004020df78                __shgetc
 *fill*         0x000000004020dfed        0x3 
 .irom0.text    0x000000004020dff0       0x39 /opt/Sming/Sming/compiler/lib//libmicroc.a(__uflow.o)
                0x000000004020dff0                __uflow
 *fill*         0x000000004020e029        0x3 
 .irom0.text    0x000000004020e02c       0x67 /opt/Sming/Sming/compiler/lib//libmicroc.a(__toread.o)
                                         0x6b (size before relaxing)
                0x000000004020e02c                __toread
                0x000000004020e084                __toread_needs_stdio_exit
 *fill*         0x000000004020e093        0x1 
 .irom0.text    0x000000004020e094        0xf /opt/Sming/Sming/compiler/lib//libmicroc.a(fmodl.o)
                                         0x13 (size before relaxing)
                0x000000004020e094                fmodl
 *fill*         0x000000004020e0a3        0x1 
 .irom0.text    0x000000004020e0a4       0x8f /opt/Sming/Sming/compiler/lib//libmicroc.a(scalbn.o)
                0x000000004020e0a4                scalbn
 *fill*         0x000000004020e133        0x1 
 .irom0.text    0x000000004020e134        0xf /opt/Sming/Sming/compiler/lib//libmicroc.a(scalbnl.o)
                                         0x13 (size before relaxing)
                0x000000004020e134                scalbnl
 *fill*         0x000000004020e143        0x1 
 .irom0.text    0x000000004020e144        0x5 /opt/Sming/Sming/compiler/lib//libmicroc.a(__errno_location.o)
                0x000000004020e144                __errno_location
 *fill*         0x000000004020e149        0x3 
 .irom0.text    0x000000004020e14c      0x1e9 /opt/Sming/Sming/compiler/lib//libmicroc.a(fmod.o)
                0x000000004020e14c                fmod
 *fill*         0x000000004020e335        0x3 
 .irom0.text    0x000000004020e338       0xfa /opt/esp-open-sdk/sdk/lib/libphy.a(phy.o)
                                        0x11e (size before relaxing)
                0x000000004020e33c                rf_init
                0x000000004020e358                bb_init
                0x000000004020e370                phy_init
                0x000000004020e3a0                RFChannelSel
                0x000000004020e3bc                phy_delete_channel
                0x000000004020e3d4                phy_enable_agc
                0x000000004020e3ec                phy_disable_agc
                0x000000004020e404                phy_initialize_bb
                0x000000004020e41c                phy_set_sense
 *fill*         0x000000004020e432        0x2 
 .irom0.text    0x000000004020e434     0x18c4 /opt/esp-open-sdk/sdk/lib/libphy.a(phy_chip_v6_ana.o)
                                       0x1b00 (size before relaxing)
                0x000000004020e438                ram_pbus_set_rxgain
                0x000000004020e514                ram_pbus_debugmode
                0x000000004020e5c8                ram_pbus_xpd_tx_on
                0x000000004020e634                set_rf_freq_offset
                0x000000004020e6a4                chip_v6_rxmax_ext_ana
                0x000000004020e7f4                ram_chip_v6_rx_init
                0x000000004020e828                tsen_meas
                0x000000004020e8d8                readvdd33
                0x000000004020ea6c                txpwr_offset
                0x000000004020eb2c                set_txcap_reg
                0x000000004020ebac                ram_ana_inf_gating_en
                0x000000004020ed0c                ram_restart_cal
                0x000000004020ed78                wait_rfpll_cal_end
                0x000000004020edf8                ram_rfpll_set_freq
                0x000000004020ef04                ram_set_channel_freq
                0x000000004020f23c                chip_60_set_channel
                0x000000004020f404                chip_v6_set_chan_offset
                0x000000004020f43c                chip_v6_set_chan
                0x000000004020f4b4                chip_v6_set_chan_wakeup
                0x000000004020f534                chip_v6_rf_init
                0x000000004020f740                low_power_set
                0x000000004020f7a4                test_tout
                0x000000004020f9e8                check_data_flag
                0x000000004020fa0c                phy_get_check_flag
                0x000000004020fb7c                phy_get_vdd33
 .irom0.text    0x000000004020fcf8     0x393c /opt/esp-open-sdk/sdk/lib/libphy.a(phy_chip_v6.o)
                                       0x3f50 (size before relaxing)
                0x000000004020fcf8                ram_tx_mac_enable
                0x000000004020fcfc                rtc_mem_backup
                0x000000004020fd2c                rtc_mem_recovery
                0x000000004020fd5c                set_cal_rxdc
                0x000000004020fe10                set_rx_gain_cal_iq
                0x0000000040210168                gen_rx_gain_table
                0x00000000402102a8                pbus_set_rxbbgain
                0x0000000040210328                set_rx_gain_testchip_50
                0x0000000040210638                ram_get_corr_power
                0x0000000040210728                check_data_func
                0x0000000040210748                do_noisefloor_lsleep_v50
                0x000000004021077c                do_noisefloor
                0x00000000402107ec                start_dig_rx
                0x0000000040210830                stop_dig_rx
                0x000000004021085c                chip_v6_set_chanfreq
                0x0000000040210894                tx_cap_init
                0x0000000040210a54                target_power_add_backoff
                0x0000000040210aa4                tx_pwctrl_init_cal
                0x0000000040210c0c                tx_atten_set_interp
                0x0000000040210e84                tx_pwctrl_init
                0x0000000040210f78                ram_get_noisefloor
                0x0000000040210f94                get_noisefloor_sat
                0x0000000040210fc4                ram_set_noise_floor
                0x0000000040211020                ram_start_noisefloor
                0x000000004021106c                read_hw_noisefloor
                0x0000000040211098                noise_check_loop
                0x00000000402111f4                noise_init
                0x00000000402113f0                target_power_backoff
                0x0000000040211444                sdt_on_noise_start
                0x00000000402114c8                chip_v6_set_chan_rx_cmp
                0x0000000040211650                chip_v6_set_chan_misc
                0x00000000402116d4                phy_dig_spur_set
                0x0000000040211a34                phy_dig_spur_prot
                0x0000000040211c6c                chip_v6_rxmax_ext_dig
                0x0000000040211cb8                chip_v6_rxmax_ext
                0x0000000040211d6c                phy_bb_rx_cfg
                0x000000004021216c                uart_wait_idle
                0x00000000402121a4                phy_pbus_soc_cfg
                0x0000000040212268                phy_gpio_cfg
                0x00000000402125b0                tx_cont_en
                0x0000000040212658                tx_cont_dis
                0x00000000402126ac                tx_cont_cfg
                0x00000000402126cc                chip_v6_initialize_bb
                0x0000000040212838                periodic_cal
                0x0000000040212944                bbpll_cal
                0x00000000402129dc                periodic_cal_top
                0x0000000040212a3c                register_chipv6_phy_init_param
                0x0000000040212cdc                change_bbpll160_sleep
                0x0000000040212dcc                change_bbpll160
                0x0000000040212e04                set_crystal_uart
                0x0000000040212e7c                ant_switch_init
                0x0000000040212f28                reduce_current_init
                0x0000000040212f90                rtc_mem_check
                0x0000000040212fc8                phy_afterwake_set_rfoption
                0x0000000040212ff4                deep_sleep_set_option
                0x0000000040213070                register_chipv6_phy
                0x0000000040213330                set_dpd_bypass
                0x0000000040213388                set_rf_gain_stage10
                0x00000000402133b8                get_vdd33_offset
                0x000000004021342c                get_phy_target_power
                0x00000000402134dc                set_most_pwr_reg
                0x00000000402135b0                phy_set_most_tpw
                0x00000000402135d4                phy_vdd33_set_tpw
                0x00000000402135ec                get_adc_rand
                0x0000000040213620                phy_get_rand
 .irom0.text    0x0000000040213634     0x214c /opt/esp-open-sdk/sdk/lib/libphy.a(phy_chip_v6_cal.o)
                                       0x2388 (size before relaxing)
                0x0000000040213634                txbbgain2dcoindex
                0x0000000040213654                dcoindex2txbbgain
                0x0000000040213678                init_cal_dcoffset
                0x000000004021373c                set_rfanagain_dc_reg
                0x00000000402137d8                set_txdc_pbus
                0x0000000040213844                get_rf_gain_qdb
                0x000000004021386c                correct_rf_ana_gain
                0x0000000040213974                get_sar_dout
                0x0000000040213a0c                cal_rf_ana_gain
                0x0000000040213ae4                meas_tone_pwr_db
                0x0000000040213b54                tx_pwr_backoff
                0x0000000040213ca0                get_fcc_1m2m_pwr_offset
                0x0000000040213cdc                ram_set_txbb_atten
                0x0000000040213d70                txiq_get_mis_pwr
                0x0000000040213e14                txiq_cover
                0x0000000040214030                ram_rfcal_txiq
                0x00000000402142a0                rc_cal
                0x0000000040214460                get_target_power_offset
                0x0000000040214568                get_pwctrl_correct
                0x00000000402145c0                tx_pwctrl_cal
                0x0000000040214900                tx_pwctrl_bg_init
                0x000000004021497c                tx_pwctrl_background
                0x0000000040214a34                read_sar_dout
                0x0000000040214a98                ram_get_fm_sar_dout
                0x0000000040214b3c                ram_cal_tos_v60
                0x0000000040214d1c                ram_get_bb_atten
                0x0000000040214d4c                ram_rfcal_txcap
                0x0000000040214f10                ram_rfcal_pwrctrl
                0x000000004021513c                ram_rxiq_get_mis
                0x000000004021530c                ram_rxiq_cover_mg_mp
                0x00000000402154b0                ram_rfcal_rxiq
                0x00000000402156bc                dpd_scale_set
                0x0000000040215704                dpd_mem_write
 .irom0.text    0x0000000040215780      0x271 /opt/esp-open-sdk/sdk/lib/libphy.a(phy_chip_v6_unused.o)
                                        0x2fd (size before relaxing)
                0x0000000040215780                chip_v6_set_sense
                0x0000000040215784                chip_v6_get_sense
                0x0000000040215788                chip_v6_unset_chanfreq
                0x0000000040215794                data_collect
                0x0000000040215868                operation_test
                0x00000000402158e0                slop_wdt_feed
                0x00000000402158f4                slop_test
                0x00000000402159a8                wd_reset_cnt
 *fill*         0x00000000402159f1        0x3 
 .irom0.text    0x00000000402159f4      0xd12 /opt/esp-open-sdk/sdk/lib/libphy.a(phy_sleep.o)
                                        0xf2e (size before relaxing)
                0x00000000402159f4                pm_usec2rtc
                0x0000000040215a28                pm_rtc2usec
                0x0000000040215a38                pm_set_sleep_cycles
                0x0000000040215a60                pm_sleep_opt
                0x0000000040215b64                pm_wakeup_opt
                0x0000000040215b9c                get_chip_version
                0x0000000040215bdc                pm_sleep_opt_bb_off
                0x0000000040215c1c                pm_sleep_opt_bb_on
                0x0000000040215c68                pm_set_pll_xtal_wait_time
                0x0000000040215cb0                pm_prepare_to_sleep
                0x0000000040215cd4                pm_sdio_nidle
                0x0000000040215d48                chg_lslp_mem_opt_8266
                0x0000000040215d78                pm_goto_sleep
                0x0000000040215ec4                pm_wait4wakeup
                0x0000000040215efc                pm_open_rf
                0x0000000040215f40                pm_sleep_set_mac
                0x0000000040215fc4                pm_set_wakeup_mac
                0x0000000040216060                pm_check_mac_idle
                0x00000000402160b8                pm_set_sleep_btco
                0x0000000040216158                pm_set_wakeup_btco
                0x000000004021626c                pm_set_sleep_mode
                0x000000004021633c                pm_unmask_bt
                0x00000000402163a0                pm_wakeup_init
                0x00000000402165a8                sleep_opt_8266
                0x00000000402165c8                sleep_opt_bb_on_8266